// Jest Snapshot v1, https://goo.gl/fbAQLP

exports[`The Tile component should render correctly 1`] = `
<div
  className="item-6 12-45 12-59 6-67"
>
  <div
    className="root-103 elevation1-106 rounded-104 root-102 card-1"
  >
    <div
      className="cardDetails-2"
    >
      <div
        className="root-130"
      >
        <h5
          className="root-131 h5-147"
        />
        <p
          className="root-131 subtitle1-149 paragraph-159"
        >
          
        </p>
      </div>
    </div>
  </div>
</div>
`;
