// Jest Snapshot v1, https://goo.gl/fbAQLP

exports[`The AppBar component should render correctly 1`] = `
<div
  className="root-1"
>
  <header
    className="root-14 elevation4-20 root-5 positionStatic-9 colorPrimary-12"
  >
    <div
      className="root-41 regular-43 gutters-42"
    >
      <h6
        className="root-45 h6-62 colorInherit-74 grow-2"
      >
        <a
          aria-current="page"
          className="menuLink-3"
          href="/"
          onClick={[Function]}
        >
          RGPDay
        </a>
      </h6>
      <a
        className="menuLink-3"
        href="/about"
        onClick={[Function]}
      >
        À propos
      </a>
      <a
        className="menuLink-3"
        href="/contact"
        onClick={[Function]}
      >
        Contact
      </a>
      <a
        className="menuLink-3"
        href="/session"
        onClick={[Function]}
      >
        Session
      </a>
      <div
        className="menuLink-3 hide-4"
        onClick={[Function]}
      >
        Déconnexion
      </div>
    </div>
  </header>
</div>
`;
