// Jest Snapshot v1, https://goo.gl/fbAQLP

exports[`The Home component should render correctly 1`] = `
<div
  className="layout-1"
>
  <div
    className="root-6"
  >
    <header
      className="root-19 elevation4-25 root-10 positionStatic-14 colorPrimary-17"
    >
      <div
        className="root-46 regular-48 gutters-47"
      >
        <h6
          className="root-50 h6-67 colorInherit-79 grow-7"
        >
          <a
            aria-current="page"
            className="menuLink-8"
            href="/"
            onClick={[Function]}
          >
            RGPDay
          </a>
        </h6>
        <a
          className="menuLink-8"
          href="/about"
          onClick={[Function]}
        >
          À propos
        </a>
        <a
          className="menuLink-8"
          href="/contact"
          onClick={[Function]}
        >
          Contact
        </a>
        <a
          className="menuLink-8"
          href="/session"
          onClick={[Function]}
        >
          Session
        </a>
        <div
          className="menuLink-8 hide-9"
          onClick={[Function]}
        >
          Déconnexion
        </div>
      </div>
    </header>
  </div>
  <main>
    <div
      className="root-19 elevation2-23 rounded-20 mainFeaturedPost-2"
    >
      <div
        className="container-86 center-94"
      >
        <div
          className="item-87 12-126 6-148"
        >
          <div
            className="mainFeaturedPostContent-3"
          >
            <h4
              className="root-50 h4-65 colorInherit-79 gutterBottom-77"
            >
              Une journée pour expérimenter le RGPD et en comprendre les enjeux
            </h4>
            <p
              className="root-50 h5-66 colorInherit-79 paragraph-78"
            >
              La règlementation sur les données à caractère personnel est une opportunité pour mieux gérer et pour valoriser les données de l'entreprise.
              <br />
              Cette journée d'échange est l'occasion de le découvrir...
            </p>
          </div>
        </div>
        <div
          className="item-87 12-126 6-148"
        >
          <div
            className="container-86 40-112 column-89 center-94"
          >
            <div
              className="item-87 10-124 12-154"
            >
              <div
                className="root-19 elevation1-22 rounded-20 cta-183"
              >
                <h6
                  className="root-50 h6-67"
                >
                  Si ce format vous intéresse, 
                  <a
                    className="root-50 colorSecondary-81 inline-85 root-185 underlineHover-187"
                    href="/contact"
                    onClick={[Function]}
                  >
                    contactez-moi
                  </a>
                </h6>
                <p
                  className="root-50 body1-59"
                >
                  pour organiser le RGPDay dans votre établissement !
                </p>
              </div>
            </div>
          </div>
        </div>
      </div>
    </div>
    <div
      className="container-86 40-112"
    >
      <div
        className="item-87 12-126 6-148"
      >
        <div
          className="root-19 elevation1-22 rounded-20 root-193 card-190"
        >
          <div
            className="cardDetails-191"
          >
            <div
              className="root-194"
            >
              <h5
                className="root-50 h5-66"
              >
                Une conférence
              </h5>
              <p
                className="root-50 subtitle1-68 paragraph-78"
              >
                Quel bilan pour le RGPD depuis son entrée en vigueur ? Comment l'insérer dans les outils de gestion des documents et des données au sein de l'entreprise ? Cette conférence fait le point sur la mise en oeuvre du RGPD au quotidien.
              </p>
            </div>
          </div>
          <div
            className="root-195 cardMedia-192"
            style={
              Object {
                "backgroundImage": "url(\\"conference.jpg\\")",
              }
            }
            title="Une conférence"
          />
        </div>
      </div>
      <div
        className="item-87 12-126 6-148"
      >
        <div
          className="root-19 elevation1-22 rounded-20 root-193 card-190"
        >
          <div
            className="cardDetails-191"
          >
            <div
              className="root-194"
            >
              <h5
                className="root-50 h5-66"
              >
                Un serious game
              </h5>
              <p
                className="root-50 subtitle1-68 paragraph-78"
              >
                Pour mettre en pratique de façon ludique les connaissances théoriques et défier les équipes des autres participants !
              </p>
            </div>
          </div>
          <div
            className="root-195 cardMedia-192"
            style={
              Object {
                "backgroundImage": "url(\\"gameboard.jpg\\")",
              }
            }
            title="Un serious game"
          />
        </div>
      </div>
      <div
        className="item-87 12-126 6-148"
      >
        <div
          className="root-19 elevation1-22 rounded-20 root-193 card-190"
        >
          <div
            className="cardDetails-191"
          >
            <div
              className="root-194"
            >
              <h5
                className="root-50 h5-66"
              >
                Une séance de co-constructrion
              </h5>
              <p
                className="root-50 subtitle1-68 paragraph-78"
              >
                Pour mettre en commun les enseignements de la journée et dégager une vision sur les actions à entreprendre pour tendre vers la conformité.
              </p>
            </div>
          </div>
          <div
            className="root-195 cardMedia-192"
            style={
              Object {
                "backgroundImage": "url(\\"coconstruction.jpg\\")",
              }
            }
            title="Une séance de co-constructrion"
          />
        </div>
      </div>
    </div>
  </main>
</div>
`;
