// Jest Snapshot v1, https://goo.gl/fbAQLP

exports[`The Home component should render correctly 1`] = `
<div
  className="layout-1"
>
  <main>
    <div
      className="root-6 elevation2-10 rounded-7 mainFeaturedPost-2"
    >
      <div
        className="container-33 center-41"
      >
        <div
          className="item-34 12-73 6-95"
        >
          <div
            className="mainFeaturedPostContent-3"
          >
            <h4
              className="root-130 h4-145 colorInherit-159 gutterBottom-157"
            >
              Une journée pour expérimenter le RGPD et en comprendre les enjeux
            </h4>
            <p
              className="root-130 h5-146 colorInherit-159 paragraph-158"
            >
              La règlementation sur les données à caractère personnel est une opportunité pour mieux gérer et pour valoriser les données de l'entreprise.
              <br />
              Cette journée d'échange est l'occasion de le découvrir...
            </p>
          </div>
        </div>
        <div
          className="item-34 12-73 6-95"
        >
          <div
            className="container-33 40-59 column-36 center-41"
          >
            <div
              className="item-34 10-71 12-87 12-101"
            >
              <div
                className="root-6 elevation1-9 rounded-7 cta-166"
              >
                <h6
                  className="root-130 h6-147"
                >
                  <a
                    className="root-130 colorSecondary-161 inline-165 root-175 underlineHover-177"
                    href="/contact"
                    onClick={[Function]}
                  >
                    Contactez-moi !
                  </a>
                  <br />
                  pour organiser le RGPDay dans votre établissement
                </h6>
              </div>
            </div>
          </div>
        </div>
      </div>
    </div>
    <div
      className="container-33 40-59"
    >
      <div
        className="item-34 12-73 6-95"
      >
        <div
          className="root-6 elevation1-9 rounded-7 root-171 card-168"
        >
          <div
            className="cardDetails-169"
          >
            <div
              className="root-172"
            >
              <h5
                className="root-130 h5-146"
              >
                Une conférence
              </h5>
              <p
                className="root-130 subtitle1-148 paragraph-158"
              >
                Quel bilan pour le RGPD depuis son entrée en vigueur ? Comment l'insérer dans les outils de gestion des documents et des données au sein de l'entreprise ? Cette conférence fait le point sur la mise en oeuvre du RGPD au quotidien.
              </p>
            </div>
          </div>
          <div
            className="root-173 cardMedia-170"
            style={
              Object {
                "backgroundImage": "url(\\"conference.jpg\\")",
              }
            }
            title="Une conférence"
          />
        </div>
      </div>
      <div
        className="item-34 12-73 6-95"
      >
        <div
          className="root-6 elevation1-9 rounded-7 root-171 card-168"
        >
          <div
            className="cardDetails-169"
          >
            <div
              className="root-172"
            >
              <h5
                className="root-130 h5-146"
              >
                Un serious game
              </h5>
              <p
                className="root-130 subtitle1-148 paragraph-158"
              >
                Pour mettre en pratique de façon ludique les connaissances théoriques et défier les équipes des autres participants !
              </p>
            </div>
          </div>
          <div
            className="root-173 cardMedia-170"
            style={
              Object {
                "backgroundImage": "url(\\"gameboard.jpg\\")",
              }
            }
            title="Un serious game"
          />
        </div>
      </div>
      <div
        className="item-34 12-73 6-95"
      >
        <div
          className="root-6 elevation1-9 rounded-7 root-171 card-168"
        >
          <div
            className="cardDetails-169"
          >
            <div
              className="root-172"
            >
              <h5
                className="root-130 h5-146"
              >
                Une séance de co-constructrion
              </h5>
              <p
                className="root-130 subtitle1-148 paragraph-158"
              >
                Pour mettre en commun les enseignements de la journée et dégager une vision sur les actions à entreprendre pour tendre vers la conformité.
              </p>
            </div>
          </div>
          <div
            className="root-173 cardMedia-170"
            style={
              Object {
                "backgroundImage": "url(\\"coconstruction.jpg\\")",
              }
            }
            title="Une séance de co-constructrion"
          />
        </div>
      </div>
    </div>
  </main>
</div>
`;
