// Jest Snapshot v1, https://goo.gl/fbAQLP

exports[`The Contact component should render correctly 1`] = `
<div
  className="layout-1"
>
  <div
    className="root-8"
  >
    <header
      className="root-21 elevation4-27 root-12 positionStatic-16 colorPrimary-19"
    >
      <div
        className="root-48 regular-50 gutters-49"
      >
        <h6
          className="root-52 h6-69 colorInherit-81 grow-9"
        >
          <a
            aria-current="page"
            className="menuLink-10"
            href="/"
            onClick={[Function]}
          >
            RGPDay
          </a>
        </h6>
        <a
          className="menuLink-10"
          href="/about"
          onClick={[Function]}
        >
          À propos
        </a>
        <a
          className="menuLink-10"
          href="/session"
          onClick={[Function]}
        >
          Session
        </a>
        <div
          className="menuLink-10 hide-11"
          onClick={[Function]}
        >
          Déconnexion
        </div>
      </div>
    </header>
  </div>
  <main>
    <div
      className="root-21 elevation2-25 rounded-22 mainFeaturedPost-4"
    >
      <div
        className="container-88"
      >
        <div
          className="item-89 12-128"
        >
          <div
            className="mainFeaturedPostContent-5"
          >
            <h4
              className="root-52 h4-67 colorInherit-81 gutterBottom-79"
            >
              <svg
                aria-hidden="true"
                className="root-185 titleIcon-2"
                focusable="false"
                role="presentation"
                viewBox="0 0 24 24"
              >
                <path
                  d="M0 0h24v24H0V0z"
                  fill="none"
                />
                <g>
                  <path
                    d="M22 6c0-1.1-.9-2-2-2H4c-1.1 0-2 .9-2 2v12c0 1.1.9 2 2 2h16c1.1 0 2-.9 2-2V6zm-2 0l-8 5-8-5h16zm0 12H4V8l8 5 8-5v10z"
                  />
                </g>
              </svg>
               Contact
            </h4>
            <form
              autoComplete="off"
              className="formContainer-3"
              noValidate={true}
              onSubmit={[Function]}
            >
              <div
                className="root-194 marginNormal-195 fullWidth-197"
              >
                <label
                  className="root-209 root-198 formControl-203 animated-206 outlined-208"
                  data-shrink={false}
                >
                  Votre email
                </label>
                <div
                  className="root-229 root-216 fullWidth-238 formControl-230"
                  onClick={[Function]}
                >
                  <fieldset
                    aria-hidden={true}
                    className="root-246 notchedOutline-223"
                    style={
                      Object {
                        "paddingLeft": 8,
                      }
                    }
                  >
                    <legend
                      className="legend-247"
                      style={
                        Object {
                          "width": 0.01,
                        }
                      }
                    >
                      <span
                        dangerouslySetInnerHTML={
                          Object {
                            "__html": "&#8203;",
                          }
                        }
                      />
                    </legend>
                  </fieldset>
                  <input
                    aria-invalid={false}
                    className="input-239 input-224"
                    disabled={false}
                    onBlur={[Function]}
                    onChange={[Function]}
                    onFocus={[Function]}
                    required={false}
                    type="text"
                    value=""
                  />
                </div>
              </div>
              <div
                className="root-194 marginNormal-195 fullWidth-197"
              >
                <label
                  className="root-209 root-198 formControl-203 animated-206 outlined-208"
                  data-shrink={false}
                >
                  Sujet
                </label>
                <div
                  className="root-229 root-216 fullWidth-238 formControl-230"
                  onClick={[Function]}
                >
                  <fieldset
                    aria-hidden={true}
                    className="root-246 notchedOutline-223"
                    style={
                      Object {
                        "paddingLeft": 8,
                      }
                    }
                  >
                    <legend
                      className="legend-247"
                      style={
                        Object {
                          "width": 0.01,
                        }
                      }
                    >
                      <span
                        dangerouslySetInnerHTML={
                          Object {
                            "__html": "&#8203;",
                          }
                        }
                      />
                    </legend>
                  </fieldset>
                  <input
                    aria-invalid={false}
                    className="input-239 input-224"
                    disabled={false}
                    onBlur={[Function]}
                    onChange={[Function]}
                    onFocus={[Function]}
                    required={false}
                    type="text"
                    value=""
                  />
                </div>
              </div>
              <div
                className="root-194 marginNormal-195 fullWidth-197"
              >
                <label
                  className="root-209 root-198 formControl-203 animated-206 outlined-208"
                  data-shrink={false}
                >
                  Description
                </label>
                <div
                  className="root-229 root-216 fullWidth-238 formControl-230 multiline-237 multiline-222"
                  onClick={[Function]}
                >
                  <fieldset
                    aria-hidden={true}
                    className="root-246 notchedOutline-223"
                    style={
                      Object {
                        "paddingLeft": 8,
                      }
                    }
                  >
                    <legend
                      className="legend-247"
                      style={
                        Object {
                          "width": 0.01,
                        }
                      }
                    >
                      <span
                        dangerouslySetInnerHTML={
                          Object {
                            "__html": "&#8203;",
                          }
                        }
                      />
                    </legend>
                  </fieldset>
                  <textarea
                    aria-invalid={false}
                    className="input-239 input-224 inputMultiline-241 inputMultiline-226"
                    disabled={false}
                    onBlur={[Function]}
                    onChange={[Function]}
                    onFocus={[Function]}
                    required={false}
                    rows="10"
                    value=""
                  />
                </div>
              </div>
              <button
                className="root-274 root-248 outlined-256 outlinedSecondary-258 button-6"
                disabled={false}
                onBlur={[Function]}
                onContextMenu={[Function]}
                onFocus={[Function]}
                onKeyDown={[Function]}
                onKeyUp={[Function]}
                onMouseDown={[Function]}
                onMouseLeave={[Function]}
                onMouseUp={[Function]}
                onTouchEnd={[Function]}
                onTouchMove={[Function]}
                onTouchStart={[Function]}
                tabIndex="0"
                type="submit"
              >
                <span
                  className="label-249"
                >
                  Envoyer
                </span>
                <span
                  className="root-284"
                />
              </button>
              <button
                className="root-274 root-248 outlined-256 button-6"
                disabled={false}
                onBlur={[Function]}
                onClick={[Function]}
                onContextMenu={[Function]}
                onFocus={[Function]}
                onKeyDown={[Function]}
                onKeyUp={[Function]}
                onMouseDown={[Function]}
                onMouseLeave={[Function]}
                onMouseUp={[Function]}
                onTouchEnd={[Function]}
                onTouchMove={[Function]}
                onTouchStart={[Function]}
                tabIndex="0"
                type="button"
              >
                <span
                  className="label-249"
                >
                  Annuler
                </span>
                <span
                  className="root-284"
                />
              </button>
            </form>
          </div>
        </div>
      </div>
    </div>
  </main>
</div>
`;
