// Jest Snapshot v1, https://goo.gl/fbAQLP

exports[`The 2019-INGE-01 Presentation component should render correctly 1`] = `
<PresentationPage
  classes={Object {}}
  config={
    Object {
      "scenarioId": "2019-INGE-01",
    }
  }
  location={
    Object {
      "hash": "#start",
    }
  }
/>
`;
