// Jest Snapshot v1, https://goo.gl/fbAQLP

exports[`The Navigation component should render correctly 1`] = `
<div
  className="root-1"
>
  <header
    className="root-15 elevation4-21 root-6 positionStatic-10 colorPrimary-13"
  >
    <div
      className="root-42 regular-44 gutters-43"
    >
      <h6
        className="root-46 h6-63 colorInherit-75 grow-2"
      >
        <a
          aria-current="page"
          className="menuLink-3"
          href="/"
          onClick={[Function]}
        >
          RGPDay
        </a>
      </h6>
      <a
        className="menuLink-3"
        href="/about"
        onClick={[Function]}
      >
        À propos
      </a>
      <a
        className="menuLink-3"
        href="/contact"
        onClick={[Function]}
      >
        Contact
      </a>
      <a
        className="menuLink-3"
        href="/dashboard"
        onClick={[Function]}
      >
        Session
      </a>
      <div
        className="menuLink-3 hide-4"
        onClick={[Function]}
      >
        Déconnexion
      </div>
    </div>
  </header>
</div>
`;
