// Jest Snapshot v1, https://goo.gl/fbAQLP

exports[`The CallToAction component should render correctly 1`] = `
<div
  className="container-3 40-29 column-6 center-11"
>
  <div
    className="item-4 12-43 6-65"
  >
    <div
      className="root-100 elevation1-103 rounded-101 cta-1"
    >
      <h6
        className="root-127 h6-144"
      >
        Si ce format vous intéresse, 
        <a
          className="root-127 colorSecondary-158 inline-162 root-163 underlineHover-165 link-2"
          href="https://fr.gravatar.com/jpbourgeon"
          rel="noopener"
          target="_blank"
        >
          contactez-moi
        </a>
      </h6>
      <p
        className="root-127 body1-136"
      >
        pour organiser le RGPDay dans votre établissement !
      </p>
    </div>
  </div>
</div>
`;
