// Jest Snapshot v1, https://goo.gl/fbAQLP

exports[`The Dashboard component should render correctly 1`] = `
<div
  className="layout-1"
>
  <main>
    <div
      className="container-4 40-30"
    >
      <div
        className="item-5 12-44"
      >
        <h4
          className="root-101 h4-116 colorInherit-130 gutterBottom-128 title-2"
        >
          <svg
            aria-hidden="true"
            className="root-137 titleIcon-3"
            focusable="false"
            role="presentation"
            viewBox="0 0 24 24"
          >
            <path
              d="M0 0h24v24H0V0z"
              fill="none"
            />
            <g>
              <path
                d="M19 5v2h-4V5h4M9 5v6H5V5h4m10 8v6h-4v-6h4M9 17v2H5v-2h4M21 3h-8v6h8V3zM11 3H3v10h8V3zm10 8h-8v10h8V11zm-10 4H3v6h8v-6z"
              />
            </g>
          </svg>
           Session
        </h4>
      </div>
      <div
        className="item-5 12-44 6-66"
      >
        <div
          className="root-150 elevation1-153 rounded-151 root-149 card-146"
        >
          <div
            className="cardDetails-147"
          >
            <div
              className="root-177"
            >
              <h5
                className="root-101 h5-117"
              >
                Conférence
              </h5>
              <p
                className="root-101 subtitle1-119 paragraph-129"
              >
                
              </p>
            </div>
          </div>
          <div
            className="root-178 cardMedia-148"
            style={
              Object {
                "backgroundImage": "url(\\"conference.jpg\\")",
              }
            }
            title="Conférence"
          />
        </div>
      </div>
      <div
        className="item-5 12-44 6-66"
      >
        <div
          className="root-150 elevation1-153 rounded-151 root-149 card-146"
        >
          <div
            className="cardDetails-147"
          >
            <div
              className="root-177"
            >
              <h5
                className="root-101 h5-117"
              >
                Serious game
              </h5>
              <p
                className="root-101 subtitle1-119 paragraph-129"
              >
                
              </p>
            </div>
          </div>
          <div
            className="root-178 cardMedia-148"
            style={
              Object {
                "backgroundImage": "url(\\"gameboard.jpg\\")",
              }
            }
            title="Serious game"
          />
        </div>
      </div>
      <div
        className="item-5 12-44 6-66"
      >
        <div
          className="root-150 elevation1-153 rounded-151 root-149 card-146"
        >
          <div
            className="cardDetails-147"
          >
            <div
              className="root-177"
            >
              <h5
                className="root-101 h5-117"
              >
                Plan d'action
              </h5>
              <p
                className="root-101 subtitle1-119 paragraph-129"
              >
                
              </p>
            </div>
          </div>
          <div
            className="root-178 cardMedia-148"
            style={
              Object {
                "backgroundImage": "url(\\"coconstruction.jpg\\")",
              }
            }
            title="Plan d'action"
          />
        </div>
      </div>
    </div>
    <div
      className="container-4 40-30"
    >
      <div
        className="item-5 12-44"
      >
        <h4
          className="root-101 h4-116 colorInherit-130 gutterBottom-128 title-2"
        >
          <svg
            aria-hidden="true"
            className="root-137 titleIcon-3"
            focusable="false"
            role="presentation"
            viewBox="0 0 24 24"
          >
            <path
              d="M0 0h24v24H0V0z"
              fill="none"
            />
            <g>
              <path
                d="M19 5v2h-4V5h4M9 5v6H5V5h4m10 8v6h-4v-6h4M9 17v2H5v-2h4M21 3h-8v6h8V3zM11 3H3v10h8V3zm10 8h-8v10h8V11zm-10 4H3v6h8v-6z"
              />
            </g>
          </svg>
           Administration
        </h4>
      </div>
      <div
        className="item-5 12-44 6-66"
      >
        <div
          className="root-150 elevation1-153 rounded-151 root-149 card-146"
        >
          <div
            className="cardDetails-147"
          >
            <div
              className="root-177"
            >
              <h5
                className="root-101 h5-117"
              >
                <a
                  className="root-101 colorPrimary-131 inline-136 root-180 underlineHover-182"
                  href="//scenarios"
                  onClick={[Function]}
                >
                  Scenarios
                </a>
              </h5>
              <p
                className="root-101 subtitle1-119 paragraph-129"
              >
                
              </p>
            </div>
          </div>
          <div
            className="root-178 cardMedia-148"
            style={
              Object {
                "backgroundImage": "url(\\"scenario.jpg\\")",
              }
            }
            title={
              <WithStyles(Link)
                color="primary"
                component={[Function]}
                to="./scenarios"
              >
                Scenarios
              </WithStyles(Link)>
            }
          />
        </div>
      </div>
      <div
        className="item-5 12-44 6-66"
      >
        <div
          className="root-150 elevation1-153 rounded-151 root-149 card-146"
        >
          <div
            className="cardDetails-147"
          >
            <div
              className="root-177"
            >
              <h5
                className="root-101 h5-117"
              >
                <a
                  className="root-101 colorPrimary-131 inline-136 root-180 underlineHover-182"
                  href="//sessions"
                  onClick={[Function]}
                >
                  Sessions
                </a>
              </h5>
              <p
                className="root-101 subtitle1-119 paragraph-129"
              >
                
              </p>
            </div>
          </div>
          <div
            className="root-178 cardMedia-148"
            style={
              Object {
                "backgroundImage": "url(\\"controlpanel.jpg\\")",
              }
            }
            title={
              <WithStyles(Link)
                color="primary"
                component={[Function]}
                to="./sessions"
              >
                Sessions
              </WithStyles(Link)>
            }
          />
        </div>
      </div>
    </div>
  </main>
</div>
`;
