// Jest Snapshot v1, https://goo.gl/fbAQLP

exports[`The 2019-INGE-01 Presentation component should render correctly 1`] = `
<Deck
  history={
    Object {
      "action": "POP",
      "block": [Function],
      "createHref": [Function],
      "go": [Function],
      "goBack": [Function],
      "goForward": [Function],
      "length": 1,
      "listen": [Function],
      "location": Object {
        "hash": "",
        "pathname": "/",
        "search": "",
        "state": undefined,
      },
      "push": [Function],
      "replace": [Function],
    }
  }
  onStateChange={[Function]}
  progress="bar"
  showFullscreenControl={false}
  theme={
    Object {
      "print": Object {
        "colors": Object {
          "primary": "black",
          "quaternary": "black",
          "secondary": "black",
          "tertiary": "black",
        },
        "components": Object {
          "blockquote": Object {
            "display": "inline-block",
            "position": "relative",
            "textAlign": "left",
          },
          "cite": Object {
            "clear": "left",
            "color": "black",
            "display": "block",
            "fontSize": "2rem",
            "marginTop": "1rem",
          },
          "code": Object {
            "backgroundColor": "rgba(0,0,0,0.15)",
            "borderRadius": 3,
            "color": "black",
            "fontFamily": "monospace",
            "fontSize": "2.66rem",
            "margin": "0.25rem auto",
            "padding": "0 10px",
          },
          "codePane": Object {
            "fontSize": "0.8rem",
            "fontWeight": "normal",
            "margin": "auto",
            "maxWidth": 800,
            "minWidth": "100%",
          },
          "content": Object {
            "margin": "auto",
            "textAlign": "center",
          },
          "heading": Object {
            "h1": Object {
              "color": "black",
              "fontFamily": "Open Sans Condensed",
              "fontSize": "7.05rem",
              "fontWeight": "bold",
              "lineHeight": 1,
              "margin": 0,
            },
            "h2": Object {
              "color": "black",
              "fontFamily": "Open Sans Condensed",
              "fontSize": "5.88rem",
              "fontWeight": "bold",
              "lineHeight": 1,
              "margin": 0,
            },
            "h3": Object {
              "color": "black",
              "fontFamily": "Open Sans Condensed",
              "fontSize": "4.9rem",
              "fontWeight": "bold",
              "lineHeight": 1,
              "margin": "0.5rem auto",
            },
            "h4": Object {
              "color": "black",
              "fontFamily": "Open Sans Condensed",
              "fontSize": "3.82rem",
              "fontWeight": "bold",
              "lineHeight": 1,
              "margin": "0.5rem auto",
            },
            "h5": Object {
              "color": "black",
              "fontFamily": "Open Sans Condensed",
              "fontSize": "3.19rem",
              "fontWeight": "bold",
              "lineHeight": 1,
              "margin": "0.5rem auto",
            },
            "h6": Object {
              "color": "black",
              "fontFamily": "Open Sans Condensed",
              "fontSize": "2.66rem",
              "fontWeight": "bold",
              "lineHeight": 1,
              "margin": "0.5rem auto",
            },
          },
          "image": Object {
            "display": "block",
            "margin": "0.5rem auto",
          },
          "link": Object {
            "textDecoration": "none",
          },
          "list": Object {
            "listStylePosition": "inside",
            "padding": 0,
            "textAlign": "left",
          },
          "listItem": Object {
            "fontSize": "2.66rem",
          },
          "quote": Object {
            "borderLeft": "1px solid black",
            "color": "black",
            "display": "block",
            "fontSize": "4.9rem",
            "fontWeight": "bold",
            "lineHeight": 1,
            "paddingLeft": 40,
          },
          "s": Object {
            "strikethrough": Object {},
          },
          "syntax": Object {
            "direction": "ltr",
            "fontFamily": "monospace",
            "fontSize": "inherit",
            "hyphens": "none",
            "lineHeight": 1.5,
            "margin": 0,
            "padding": "0.5rem",
            "tabSize": 2,
            "textAlign": "left",
            "whiteSpace": "pre-wrap",
            "wordBreak": "normal",
            "wordSpacing": "normal",
          },
          "table": Object {
            "width": "100%",
          },
          "tableHeaderItem": Object {
            "fontSize": "2.66rem",
            "fontWeight": "bold",
          },
          "tableItem": Object {
            "fontSize": "2.66rem",
          },
          "text": Object {
            "color": "black",
            "fontFamily": "Open Sans Condensed",
            "fontSize": "2.66rem",
            "margin": "0.25rem auto",
          },
        },
        "controls": Object {
          "next": Object {
            "background": "none",
            "border": "none",
            "outline": 0,
            "position": "absolute",
            "right": 20,
            "top": "50%",
            "transform": "translateY(-50%)",
            "zIndex": 9999,
          },
          "nextIcon": Object {
            "fill": "black",
          },
          "prev": Object {
            "background": "none",
            "border": "none",
            "left": 20,
            "outline": 0,
            "position": "absolute",
            "top": "50%",
            "transform": "translateY(-50%)",
            "zIndex": 9999,
          },
          "prevIcon": Object {
            "fill": "black",
          },
        },
        "fonts": Object {
          "primary": "Open Sans Condensed",
          "secondary": "Lobster Two",
          "tertiary": "monospace",
        },
        "fullscreen": Object {
          "fill": "black",
        },
        "global": Object {
          ".hljs": Object {
            "background": "white",
            "color": "black",
          },
          ".hljs span": Object {
            "color": "black !important",
          },
          "body": Object {
            "background": "white",
            "color": "black",
            "fontFamily": "Open Sans Condensed",
            "fontSize": "2em",
            "fontWeight": "normal",
            "overflow": "hidden",
          },
          "html, body": Object {
            "height": "100%",
            "margin": 0,
            "padding": 0,
            "width": "100%",
          },
        },
        "prism": Object {
          "dark": "css-10oln9y",
          "light": "css-fa91qj",
        },
        "progress": Object {
          "bar": Object {
            "bar": Object {
              "background": "black",
              "height": "100%",
              "transition": "all 0.3s ease-out",
            },
            "container": Object {
              "bottom": 0,
              "height": "10px",
              "left": 0,
              "position": "absolute",
              "transition": "all 1s ease-in-out 0.2s",
              "width": "100%",
              "zIndex": 1000,
            },
          },
          "number": Object {
            "container": Object {
              "bottom": 10,
              "color": "black",
              "position": "absolute",
              "right": 10,
              "zIndex": 1000,
            },
          },
          "pacman": Object {
            "container": Object {
              "bottom": "5px",
              "left": "50%",
              "position": "absolute",
              "transition": "all 1s ease-in-out 0.2s",
              "zIndex": 1000,
            },
            "pacman": Object {
              "height": "20px",
              "position": "absolute",
              "transform": "translate(-5px, -5px)",
              "transition": "left 0.3s ease-in-out 0.2s",
              "width": "20px",
            },
            "pacmanBottom": Object {
              "background": "black",
              "borderBottomLeftRadius": "10px",
              "borderBottomRightRadius": "10px",
              "content": " ",
              "height": "10px",
              "position": "absolute",
              "top": "10px",
              "width": "20px",
            },
            "pacmanTop": Object {
              "background": "black",
              "borderTopLeftRadius": "10px",
              "borderTopRightRadius": "10px",
              "content": " ",
              "height": "10px",
              "position": "absolute",
              "width": "20px",
            },
            "point": Object {
              "background": "transparent",
              "borderColor": "black",
              "borderRadius": "50%",
              "borderStyle": "solid",
              "borderWidth": 2,
              "float": "left",
              "height": "10px",
              "position": "absolute",
              "transition": "all 0.01s ease-out 0.4s",
              "width": "10px",
            },
          },
        },
      },
      "screen": Object {
        "autoplay": Object {
          "pause": Object {
            "background": "none",
            "border": "none",
            "left": "50%",
            "outline": 0,
            "position": "absolute",
            "right": "50%",
            "top": 20,
            "zIndex": 9999,
          },
          "pauseIcon": Object {
            "fill": "white",
          },
          "play": Object {
            "background": "none",
            "border": "none",
            "left": "50%",
            "outline": 0,
            "position": "absolute",
            "right": "50%",
            "top": 20,
            "zIndex": 9999,
          },
          "playIcon": Object {
            "fill": "white",
          },
        },
        "colors": Object {
          "bgDark": "#424242",
          "bgLight": "#f5f5f5",
          "pDark": "#4b2c20",
          "pLight": "#a98274",
          "primary": "#795548",
          "quaternary": "white",
          "sDark": "#c30000",
          "sLight": "#ff7539",
          "secondary": "#ff3d00",
          "tertiary": "white",
        },
        "components": Object {
          "blockquote": Object {
            "display": "inline-block",
            "margin": 20,
            "position": "relative",
            "textAlign": "left",
          },
          "cite": Object {
            "clear": "left",
            "color": "white",
            "display": "block",
            "fontSize": "2rem",
            "marginTop": "1rem",
          },
          "code": Object {
            "backgroundColor": "rgba(0,0,0,0.15)",
            "borderRadius": 3,
            "color": "black",
            "fontFamily": "monospace",
            "fontSize": "2.66rem",
            "margin": "0.25rem auto",
            "padding": "0 10px",
          },
          "codePane": Object {
            "fontSize": "0.8rem",
            "fontWeight": "normal",
            "margin": "auto",
            "maxWidth": 800,
            "minWidth": "100%",
          },
          "content": Object {
            "margin": "0 auto",
            "textAlign": "center",
          },
          "goToAction": Object {
            "&:hover": Object {
              "background": "white",
              "color": "#000",
            },
            "background": "#000",
            "border": "none",
            "borderRadius": "6px",
            "color": "#fff",
            "fontFamily": "Roboto",
            "padding": "0.25em 1em",
          },
          "heading": Object {
            "h1": Object {
              "color": "white",
              "fontFamily": "Roboto",
              "fontSize": "7.05rem",
              "fontWeight": "bold",
              "lineHeight": 1,
              "margin": 0,
              "zoom": 1,
            },
            "h2": Object {
              "color": "#ff3d00",
              "fontFamily": "Roboto",
              "fontSize": "5.88rem",
              "fontWeight": "bold",
              "lineHeight": 1,
              "margin": 0,
            },
            "h3": Object {
              "color": "black",
              "fontFamily": "Roboto",
              "fontSize": "4.9rem",
              "fontWeight": "bold",
              "lineHeight": 1,
              "margin": "0.5rem auto",
            },
            "h4": Object {
              "color": "black",
              "fontFamily": "Roboto",
              "fontSize": "3.82rem",
              "fontWeight": "bold",
              "lineHeight": 1,
              "margin": "0.5rem auto",
            },
            "h5": Object {
              "color": "black",
              "fontFamily": "Roboto",
              "fontSize": "3.19rem",
              "fontWeight": "bold",
              "lineHeight": 1,
              "margin": "0.5rem auto",
            },
            "h6": Object {
              "color": "black",
              "fontFamily": "Roboto",
              "fontSize": "2.66rem",
              "fontWeight": "bold",
              "lineHeight": 1,
              "margin": "0.5rem auto",
            },
          },
          "image": Object {
            "display": "block",
            "margin": "0.5rem auto",
          },
          "link": Object {
            "textDecoration": "none",
          },
          "list": Object {
            "listStylePosition": "inside",
            "padding": 0,
            "textAlign": "left",
          },
          "listItem": Object {
            "fontSize": "2.66rem",
          },
          "quote": Object {
            "borderLeft": "1px solid #795548",
            "color": "#795548",
            "display": "block",
            "fontSize": "4.9rem",
            "fontWeight": "bold",
            "lineHeight": 1,
            "paddingLeft": 40,
          },
          "s": Object {
            "strikethrough": Object {},
          },
          "syntax": Object {
            "direction": "ltr",
            "fontFamily": "monospace",
            "fontSize": "inherit",
            "hyphens": "none",
            "lineHeight": 1.5,
            "margin": 0,
            "padding": "0.5rem",
            "tabSize": 2,
            "textAlign": "left",
            "whiteSpace": "pre-wrap",
            "wordBreak": "normal",
            "wordSpacing": "normal",
          },
          "table": Object {
            "width": "100%",
          },
          "tableHeaderItem": Object {
            "fontSize": "2.66rem",
            "fontWeight": "bold",
          },
          "tableItem": Object {
            "fontSize": "2.66rem",
          },
          "text": Object {
            "color": "black",
            "fontFamily": "Roboto",
            "fontSize": "2.66rem",
            "margin": "0.25rem auto",
          },
        },
        "controls": Object {
          "next": Object {
            "background": "none",
            "border": "none",
            "outline": 0,
            "position": "absolute",
            "right": 20,
            "top": "50%",
            "transform": "translateY(-50%)",
            "zIndex": 9999,
          },
          "nextIcon": Object {
            "fill": "white",
            "transition": "fill 1s ease-in-out 0.2s",
          },
          "prev": Object {
            "background": "none",
            "border": "none",
            "left": 20,
            "outline": 0,
            "position": "absolute",
            "top": "50%",
            "transform": "translateY(-50%)",
            "zIndex": 9999,
          },
          "prevIcon": Object {
            "fill": "white",
            "transition": "fill 1s ease-in-out 0.2s",
          },
        },
        "fonts": Object {
          "primary": "Roboto",
          "secondary": "Helvetica",
          "tertiary": "monospace",
        },
        "fullscreen": Object {
          "fill": "white",
        },
        "global": Object {
          "*": Object {
            "boxSizing": "border-box",
          },
          "_:-moz-tree-row(hover), .spectacle-deck": Object {
            "perspective": "1000px",
          },
          "_:-moz-tree-row(hover), ul .appear": Object {
            "display": "inline",
          },
          "body": Object {
            "background": "#795548",
            "color": "#ff3d00",
            "fontFamily": "Roboto",
            "fontSize": "2em",
            "fontWeight": "normal",
            "overflow": "hidden",
          },
          "html, body": Object {
            "height": "100%",
            "margin": 0,
            "padding": 0,
            "width": "100%",
          },
        },
        "googleFonts": Object {},
        "prism": Object {
          "dark": "css-10oln9y",
          "light": "css-fa91qj",
        },
        "progress": Object {
          "bar": Object {
            "bar": Object {
              "background": "white",
              "height": "100%",
              "transition": "all 0.3s ease-out",
            },
            "container": Object {
              "bottom": 0,
              "height": "10px",
              "left": 0,
              "position": "absolute",
              "transition": "all 1s ease-in-out 0.2s",
              "width": "100%",
              "zIndex": 1000,
            },
          },
          "number": Object {
            "container": Object {
              "bottom": 10,
              "color": "white",
              "position": "absolute",
              "right": 10,
              "transition": "all 0.3s ease-out",
              "zIndex": 1000,
            },
          },
          "pacman": Object {
            "container": Object {
              "bottom": "5px",
              "left": "50%",
              "position": "absolute",
              "transition": "all 1s ease-in-out 0.2s",
              "zIndex": 1000,
            },
            "pacman": Object {
              "height": "20px",
              "position": "absolute",
              "transform": "translate(-5px, -5px)",
              "transition": "left 0.3s ease-in-out 0.2s",
              "width": "20px",
            },
            "pacmanBottom": Object {
              "background": "white",
              "borderBottomLeftRadius": "10px",
              "borderBottomRightRadius": "10px",
              "content": "",
              "height": "10px",
              "position": "absolute",
              "top": "10px",
              "transition": "all 0.3s ease-out",
              "width": "20px",
            },
            "pacmanTop": Object {
              "background": "white",
              "borderTopLeftRadius": "10px",
              "borderTopRightRadius": "10px",
              "content": "",
              "height": "10px",
              "position": "absolute",
              "transition": "all 0.3s ease-out",
              "width": "20px",
            },
            "point": Object {
              "background": "transparent",
              "borderColor": "white",
              "borderRadius": "50%",
              "borderStyle": "solid",
              "borderWidth": 2,
              "float": "left",
              "height": "10px",
              "position": "absolute",
              "transition": "all 0.3s ease-out",
              "width": "10px",
            },
          },
        },
      },
    }
  }
  transition={
    Array [
      "zoom",
      "slide",
    ]
  }
  transitionDuration={500}
>
  <Slide
    align="center center"
    bgColor="bgDark"
    presenterStyle={Object {}}
    style={Object {}}
    transition={
      Array [
        "fade",
      ]
    }
    viewerScaleMode={false}
  >
    <Heading
      caps={true}
      fit={true}
      lineHeight={1}
      size={1}
      textColor="secondary"
    >
      LE RGPD
    </Heading>
    <Text
      bold={true}
      fit={true}
      lineHeight={1}
      margin="10px 0 0"
      textColor="pLight"
    >
      et la Gouvernance des Données
    </Text>
  </Slide>
  <Slide
    align="center center"
    bgColor="bgLight"
    presenterStyle={Object {}}
    style={Object {}}
    textColor="primary"
    transition={
      Array [
        "slide",
      ]
    }
    viewerScaleMode={false}
  >
    <Heading
      caps={true}
      lineHeight={1}
      size={6}
      textColor="secondary"
    >
      Au sommaire
    </Heading>
    <List
      ordered={true}
      reversed={false}
      start={1}
      type="1"
    >
      <ListItem
        style={
          Object {
            "paddingBottom": "1em",
          }
        }
      >
        Un informaticien est confronté aux enjeux de la gouvernance des données
      </ListItem>
      <ListItem
        style={
          Object {
            "paddingBottom": "1em",
          }
        }
      >
        Où l'on comprend que ces contraintes sont aussi des opportunités
      </ListItem>
      <ListItem
        style={
          Object {
            "paddingBottom": "1em",
          }
        }
      >
        L'informaticien apprend les moyens nécessaires pour triompher et rencontre des alliés
      </ListItem>
      <ListItem
        style={
          Object {
            "paddingBottom": "1em",
          }
        }
      >
        Notre héros sortira t'il victorieux de sa quête ?
      </ListItem>
    </List>
  </Slide>
  <Slide
    align="center center"
    bgColor="bgDark"
    presenterStyle={Object {}}
    style={Object {}}
    textColor="pLight"
    transition={
      Array [
        "spin",
      ]
    }
    viewerScaleMode={false}
  >
    <Heading
      caps={true}
      lineHeight={1}
      size={5}
      textColor="secondary"
    >
      Un informaticien est confronté aux enjeux de la gouvernance des données
    </Heading>
    <Image
      src="angrytyping.gif"
    />
  </Slide>
  <Slide
    align="center center"
    bgColor="bgLight"
    presenterStyle={Object {}}
    style={Object {}}
    textColor="primary"
    transition={
      Array [
        "slide",
      ]
    }
    viewerScaleMode={false}
  >
    <Heading
      lineHeight={1}
      size={5}
      textColor="secondary"
    >
      Ça aurait pu être pire...
    </Heading>
    <List
      ordered={false}
      reversed={false}
      start={1}
      type="1"
    >
      <ListItem
        style={
          Object {
            "paddingBottom": "1em",
          }
        }
      >
        Un pirate profite d'un vieil accès TSE oublié pour exécuter une ransonware dans la DMZ
      </ListItem>
      <ListItem
        style={
          Object {
            "paddingBottom": "1em",
          }
        }
      >
        Le service informatique restaure les données à partir des sauvegardes. L'impact est limité.
      </ListItem>
      <ListItem
        style={
          Object {
            "paddingBottom": "1em",
          }
        }
      >
        Le directeur est conscient d'avoir échappé au pire. Il vous charge de travailler sur la protection les données de l'entreprise.
      </ListItem>
      <ListItem
        style={
          Object {
            "paddingBottom": "1em",
          }
        }
      >
        Vous allez découvrir l'ampleur du problème...
      </ListItem>
    </List>
  </Slide>
  <Slide
    align="center center"
    bgColor="bgDark"
    presenterStyle={Object {}}
    style={Object {}}
    textColor="pLight"
    transition={
      Array [
        "spin",
      ]
    }
    viewerScaleMode={false}
  >
    <Heading
      caps={true}
      lineHeight={1}
      size={5}
      textColor="secondary"
    >
      La régulation des données
    </Heading>
    <List
      ordered={true}
      reversed={false}
      start={1}
      type="1"
    >
      <ListItem>
        Maîtriser les données, un problème qui ne date pas d'hier
      </ListItem>
      <ListItem>
        Les objectifs de la régulation
      </ListItem>
      <ListItem>
        La législation
      </ListItem>
      <ListItem>
        Le G29 (1995)
      </ListItem>
      <ListItem>
        La CNIL (1978)
      </ListItem>
      <ListItem>
        Exemples de sanctions
      </ListItem>
      <ListItem>
        Focus sur le cloud souverain
      </ListItem>
    </List>
  </Slide>
  <Slide
    align="center center"
    bgColor="bgLight"
    presenterStyle={Object {}}
    style={Object {}}
    textColor="primary"
    transition={
      Array [
        "slide",
      ]
    }
    viewerScaleMode={false}
  >
    <Heading
      lineHeight={1}
      size={5}
      textColor="secondary"
    >
      Maîtriser les données, un problème qui ne date pas d'hier
    </Heading>
    <List
      ordered={false}
      reversed={false}
      start={1}
      type="1"
    >
      <ListItem>
        <strong>
          Années 1970-1980 - Vigilance face aux gros fichiers de l'Etat
        </strong>
        <br />
        SAFARI : un projet de « mise en fiches » de la population française (INSEE)
      </ListItem>
      <ListItem>
        <strong>
          Années 1990 - Les données du marketing
        </strong>
      </ListItem>
      <ListItem>
        <strong>
          Années 2000 - Mondialisation
        </strong>
        <br />
        Naissance des géants de l'internet
      </ListItem>
      <ListItem>
        <strong>
          Années 2010 - Prise de conscience collective
        </strong>
        <br />
        La réglementation se renforce ; les GAFA dans le viseur ; 2013 - affaire Snowden
      </ListItem>
    </List>
  </Slide>
  <Slide
    align="center center"
    bgColor="bgLight"
    presenterStyle={Object {}}
    style={Object {}}
    textColor="primary"
    transition={
      Array [
        "slide",
      ]
    }
    viewerScaleMode={false}
  >
    <Heading
      lineHeight={1}
      size={5}
      textColor="secondary"
    >
      Maîtriser les données, un problème qui ne date pas d'hier
    </Heading>
    <div
      style={
        Object {
          "paddingTop": "1em",
        }
      }
    >
      <iframe
        allow="accelerometer; autoplay; encrypted-media; gyroscope; picture-in-picture"
        allowFullScreen={true}
        frameBorder="0"
        height="315"
        src="https://www.youtube.com/embed/Th-rzrc3488"
        title="La CNIL a 40 ans"
        width="560"
      />
    </div>
  </Slide>
  <Slide
    align="center center"
    bgColor="bgLight"
    presenterStyle={Object {}}
    style={Object {}}
    textColor="primary"
    transition={
      Array [
        "slide",
      ]
    }
    viewerScaleMode={false}
  >
    <Heading
      lineHeight={1}
      size={5}
      textColor="secondary"
    >
      Les objectifs de la régulation
    </Heading>
    <List
      ordered={false}
      reversed={false}
      start={1}
      type="1"
    >
      <ListItem>
        <strong>
          Responsabilité
        </strong>
        <br />
        Efficacité de la gestion et sécurité des données
      </ListItem>
      <ListItem>
        <strong>
          Transparence
        </strong>
        <br />
        Renforcer les relations entre parties prenantes
      </ListItem>
      <ListItem>
        <strong>
          Confiance
        </strong>
        <br />
        Développer l'économie numérique et favoriser l'innovation
      </ListItem>
    </List>
  </Slide>
  <Slide
    align="center flex-start"
    bgColor="bgLight"
    bgImage="timeline.png"
    bgRepeat="no-repeat"
    bgSize="contain"
    presenterStyle={Object {}}
    style={Object {}}
    textColor="primary"
    transition={
      Array [
        "slide",
      ]
    }
    viewerScaleMode={false}
  >
    <Heading
      lineHeight={1}
      size={5}
      style={
        Object {
          "paddingTop": "1.5em",
        }
      }
      textColor="secondary"
    >
      La législation
    </Heading>
  </Slide>
  <Slide
    align="center center"
    bgColor="bgLight"
    presenterStyle={Object {}}
    style={Object {}}
    textColor="primary"
    transition={
      Array [
        "slide",
      ]
    }
    viewerScaleMode={false}
  >
    <Heading
      lineHeight={1}
      size={5}
      textColor="secondary"
    >
      Le Comité Européen de la Protection des données : le G29
    </Heading>
    <Text
      lineHeight={1}
      style={
        Object {
          "paddingTop": "1em",
        }
      }
    >
      L'organisation qui réunit l'ensemble des CNIL européennes.
    </Text>
    <List
      ordered={false}
      reversed={false}
      start={1}
      type="1"
    >
      <ListItem>
        <strong>
          Contribue à l’élaboration des normes
        </strong>
        <br />
        européennes en adoptant des recommandations
      </ListItem>
      <ListItem>
        <strong>
          Rend des avis
        </strong>
        <br />
        sur le niveau de protection dans les pays hors UE
      </ListItem>
      <ListItem>
        <strong>
          Conseille la Commission européenne
        </strong>
        <br />
        sur tout projet ayant une incidence la protection des données et libertés des personnes
      </ListItem>
    </List>
  </Slide>
  <Slide
    align="center center"
    bgColor="bgLight"
    presenterStyle={Object {}}
    style={Object {}}
    textColor="primary"
    transition={
      Array [
        "slide",
      ]
    }
    viewerScaleMode={false}
  >
    <Heading
      lineHeight={1}
      size={5}
      textColor="secondary"
    >
      La CNIL : ses missions
    </Heading>
    <List
      ordered={false}
      reversed={false}
      start={1}
      type="1"
    >
      <ListItem>
        Informer, protéger les droits
      </ListItem>
      <ListItem>
        Accompagner la conformité / conseiller
      </ListItem>
      <ListItem>
        Anticiper et innover
      </ListItem>
      <ListItem>
        Contrôler et sanctionner
      </ListItem>
    </List>
  </Slide>
  <Slide
    align="center center"
    bgColor="bgLight"
    presenterStyle={Object {}}
    style={Object {}}
    textColor="primary"
    transition={
      Array [
        "slide",
      ]
    }
    viewerScaleMode={false}
  >
    <Heading
      lineHeight={1}
      size={5}
      textColor="secondary"
    >
      La CNIL : son fonctionnement
    </Heading>
    <List
      ordered={false}
      reversed={false}
      start={1}
      type="1"
    >
      <ListItem>
        Autorité administrative indépendante
      </ListItem>
      <ListItem>
        Collège pluridisciplinaire de 18 membres (députés, représentant de la CADA, experts, etc.)
      </ListItem>
      <ListItem>
        Commission plénière hebdomadaire de 5 membres
      </ListItem>
    </List>
  </Slide>
  <Slide
    align="center center"
    bgColor="bgLight"
    presenterStyle={Object {}}
    style={Object {}}
    textColor="primary"
    transition={
      Array [
        "slide",
      ]
    }
    viewerScaleMode={false}
  >
    <Heading
      lineHeight={1}
      size={5}
      textColor="secondary"
    >
      La CNIL : sanctions et conséquences
    </Heading>
    <List
      ordered={false}
      reversed={false}
      start={1}
      type="1"
    >
      <ListItem>
        <strong>
          Opérationnelles
        </strong>
        <br />
          - Interdiction / suppression
        <br />
          - Retrait de certification pour les outils de conformité
      </ListItem>
      <ListItem>
        <strong>
          Image
        </strong>
        <br />
          - Dégradation de l'image et de la réputation
      </ListItem>
      <ListItem>
        <strong>
          Financières
        </strong>
        <br />
          - Amendes administratives jusqu'à 20 millions d'euros
        <br />
          - Actions judiciaires individuelles ou collectives
      </ListItem>
    </List>
  </Slide>
  <Slide
    align="center center"
    bgColor="bgLight"
    presenterStyle={Object {}}
    style={Object {}}
    textColor="primary"
    transition={
      Array [
        "slide",
      ]
    }
    viewerScaleMode={false}
  >
    <Heading
      lineHeight={1}
      size={5}
      textColor="secondary"
    >
      Le RGPD : bilan 6 mois après
    </Heading>
    <List
      ordered={false}
      reversed={false}
      start={1}
      type="1"
    >
      <ListItem>
        <strong>
          32000
        </strong>
         organismes ont désigné un délégué à la protection des données
      </ListItem>
      <ListItem>
        <strong>
          1000
        </strong>
         notifications de violations de données ont été reçues, soit environ 7 par jour depuis le 25 mai
      </ListItem>
      <ListItem>
        <strong>
          9700
        </strong>
         plaintes soit 34% de plus qu’en 2017 sur la même période
      </ListItem>
      <ListItem>
        <strong>
          345
        </strong>
         plaintes transfrontalières
      </ListItem>
      <ListItem>
        <strong>
          3
        </strong>
         plaintes collectives
      </ListItem>
      <ListItem>
        <strong>
          66%
        </strong>
         des Français se disent plus sensibles que ces dernières années à la protection de leurs données personnelles
      </ListItem>
    </List>
  </Slide>
  <Slide
    align="center center"
    bgColor="bgLight"
    presenterStyle={Object {}}
    style={Object {}}
    textColor="primary"
    transition={
      Array [
        "zoom",
      ]
    }
    viewerScaleMode={false}
  >
    <Heading
      lineHeight={1}
      size={5}
      textColor="secondary"
    >
      Exemples de sanctions
    </Heading>
    <BlockQuote>
      <Quote
        textSize="1.5em"
      >
        Ces amis trop empressés qui vous rendent des services qu'on ne leur a pas demandés - La pire forme d'indiscrétion. On ne devrait pas s'occuper de nous sans notre consentement.
      </Quote>
      <Cite
        textColor="secondary"
        textSize="1em"
      >
        Emil Michel Cioran - Cahiers, 1957-1972
      </Cite>
    </BlockQuote>
  </Slide>
  <Slide
    align="center center"
    bgColor="bgLight"
    presenterStyle={Object {}}
    style={Object {}}
    textColor="primary"
    transition={
      Array [
        "slide",
      ]
    }
    viewerScaleMode={false}
  >
    <Heading
      lineHeight={1}
      size={5}
      textColor="secondary"
    >
      ASSISTANCE CENTRE D’APPELS
      <br />
      10 000 €
    </Heading>
    <BlockQuote>
      <Quote
        textSize="1.5em"
      >
        Pour avoir notamment mis en œuvre illégalement un système biométrique à des fins de contrôle des horaires des salariés.
      </Quote>
      <Cite
        textColor="secondary"
        textSize="1em"
      >
        20 septembre 2018
      </Cite>
    </BlockQuote>
  </Slide>
  <Slide
    align="center center"
    bgColor="bgLight"
    presenterStyle={Object {}}
    style={Object {}}
    textColor="primary"
    transition={
      Array [
        "slide",
      ]
    }
    viewerScaleMode={false}
  >
    <Heading
      lineHeight={1}
      size={5}
      textColor="secondary"
    >
      ALLIANCE FRANCAISE
      <br />
      PARIS ÎLE DE FRANCE
      <br />
      30 000 €
    </Heading>
    <BlockQuote>
      <Quote
        textSize="1.5em"
      >
        Pour avoir insuffisamment sécurisé les données des personnes suivant les cours de français qu’elle dispense.
      </Quote>
      <Cite
        textColor="secondary"
        textSize="1em"
      >
        27 septembre 2018
      </Cite>
    </BlockQuote>
  </Slide>
  <Slide
    align="center center"
    bgColor="bgLight"
    presenterStyle={Object {}}
    style={Object {}}
    textColor="primary"
    transition={
      Array [
        "slide",
      ]
    }
    viewerScaleMode={false}
  >
    <Heading
      lineHeight={1}
      size={5}
      textColor="secondary"
    >
      UBER
      <br />
      400 000 €
    </Heading>
    <BlockQuote>
      <Quote
        textSize="1.5em"
      >
        Pour avoir insuffisamment sécurisé les données des utilisateurs de son service de VTC.
      </Quote>
      <Cite
        textColor="secondary"
        textSize="1em"
      >
        20 décembre 2018
      </Cite>
    </BlockQuote>
  </Slide>
  <Slide
    align="center center"
    bgColor="bgLight"
    presenterStyle={Object {}}
    style={Object {}}
    textColor="primary"
    transition={
      Array [
        "slide",
      ]
    }
    viewerScaleMode={false}
  >
    <Heading
      lineHeight={1}
      size={5}
      textColor="secondary"
    >
      BOUYGUES TELECOM
      <br />
      250 000 €
    </Heading>
    <BlockQuote>
      <Quote
        textSize="1.5em"
      >
        Pour avoir insuffisamment protégé les données de clients B&You.
      </Quote>
      <Cite
        textColor="secondary"
        textSize="1em"
      >
        27 décembre 2018
      </Cite>
    </BlockQuote>
  </Slide>
  <Slide
    align="center center"
    bgColor="bgLight"
    presenterStyle={Object {}}
    style={Object {}}
    textColor="primary"
    transition={
      Array [
        "slide",
      ]
    }
    viewerScaleMode={false}
  >
    <Heading
      lineHeight={1}
      size={5}
      textColor="secondary"
    >
      Google LLC
      <br />
      50 000 000 €
    </Heading>
    <BlockQuote>
      <Quote
        textSize="1.5em"
      >
        En application du RGPD pour manque de transparence, information insatisfaisante et absence de consentement valable pour la personnalisation de la publicité.
      </Quote>
      <Cite
        textColor="secondary"
        textSize="1em"
      >
        21 janvier 2019
      </Cite>
    </BlockQuote>
  </Slide>
  <Slide
    align="center center"
    bgColor="bgLight"
    presenterStyle={Object {}}
    style={Object {}}
    textColor="primary"
    transition={
      Array [
        "slide",
      ]
    }
    viewerScaleMode={false}
  >
    <Heading
      lineHeight={1}
      size={5}
      textColor="secondary"
    >
      Focus sur le cloud souverain
    </Heading>
    <List
      ordered={false}
      reversed={false}
      start={1}
      type="1"
    >
      <ListItem>
        Confidentialité et sécurité des données face aux législations étrangères (Patriot Act)
      </ListItem>
      <ListItem>
        Les données et documents numériques considérés commes des "trésors nationaux"
      </ListItem>
      <ListItem>
        Ne pas soumettre nos données à ces lois
      </ListItem>
      <ListItem>
        05/04/2016 : circulaire de la Direction générale des collectivités locales, conjointement avec la Direction générale des patrimoines
      </ListItem>
    </List>
  </Slide>
  <Slide
    align="center center"
    bgColor="bgLight"
    presenterStyle={Object {}}
    style={Object {}}
    textColor="primary"
    transition={
      Array [
        "slide",
      ]
    }
    viewerScaleMode={false}
  >
    <Heading
      lineHeight={1}
      size={5}
      textColor="secondary"
    >
      Cloud souverain : quelles options
    </Heading>
    <List
      ordered={false}
      reversed={false}
      start={1}
      type="1"
    >
      <ListItem>
        Cloud privé interne
      </ListItem>
      <ListItem>
        Utiliser des datas centers situés sur le territoire nationale, par des sociétés de droit français ou européen
      </ListItem>
      <ListItem>
        Fiasco du programme Andromède (2009) : Cloudwatt (Orange / Thales), Numergy (SFR / Bull)
      </ListItem>
      <ListItem>
        Référentiel de certification : SecNumCloud (ANSSI)
      </ListItem>
      <ListItem>
        Référentiel de certification franco-allemand : European Secure Cloud - ESCloud (ANSSI / BSI)
      </ListItem>
    </List>
  </Slide>
  <Slide
    align="center center"
    bgColor="bgDark"
    presenterStyle={Object {}}
    style={Object {}}
    textColor="pLight"
    transition={
      Array [
        "spin",
      ]
    }
    viewerScaleMode={false}
  >
    <Heading
      caps={true}
      lineHeight={1}
      size={5}
      textColor="secondary"
    >
      En résumé : la régulation des données
    </Heading>
    <List
      ordered={true}
      reversed={false}
      start={1}
      type="1"
    >
      <ListItem>
        Maîtriser les données, un problème qui ne date pas d'hier
      </ListItem>
      <ListItem>
        Les objectifs de la régulation
      </ListItem>
      <ListItem>
        La législation
      </ListItem>
      <ListItem>
        Le G29 (1995)
      </ListItem>
      <ListItem>
        La CNIL (1978)
      </ListItem>
      <ListItem>
        Exemples de sanctions
      </ListItem>
      <ListItem>
        Focus sur le cloud souverain
      </ListItem>
    </List>
  </Slide>
  <Slide
    align="center center"
    bgColor="bgDark"
    presenterStyle={Object {}}
    style={Object {}}
    textColor="pLight"
    transition={
      Array [
        "spin",
      ]
    }
    viewerScaleMode={false}
  >
    <Heading
      caps={true}
      lineHeight={1}
      size={5}
      textColor="secondary"
    >
      Où l'on comprend que ces contraintes sont aussi des opportunités
    </Heading>
    <Image
      src="joey.gif"
    />
  </Slide>
  <Slide
    align="center center"
    bgColor="bgLight"
    presenterStyle={Object {}}
    style={Object {}}
    textColor="primary"
    transition={
      Array [
        "slide",
      ]
    }
    viewerScaleMode={false}
  >
    <Heading
      lineHeight={1}
      size={5}
      textColor="secondary"
    >
      Un monde d'opportunités
    </Heading>
    <List
      ordered={false}
      reversed={false}
      start={1}
      type="1"
    >
      <ListItem
        style={
          Object {
            "paddingBottom": "1em",
          }
        }
      >
        Vous venez de découvrir les contraintes qui pèsent sur l'activité de votre entreprise et les risques que vous prenez à essayer de rester sous le radar de l'autorité de régulation.
      </ListItem>
      <ListItem
        style={
          Object {
            "paddingBottom": "1em",
          }
        }
      >
        Mais en passant, vous allez apprendre que les données sont une source de valeur qu'il serait dommage de négliger...
      </ListItem>
    </List>
  </Slide>
  <Slide
    align="center center"
    bgColor="bgDark"
    presenterStyle={Object {}}
    style={Object {}}
    textColor="pLight"
    transition={
      Array [
        "spin",
      ]
    }
    viewerScaleMode={false}
  >
    <Heading
      caps={true}
      lineHeight={1}
      size={5}
      textColor="secondary"
    >
      L'économie de la donnée et du numérique en 2018
    </Heading>
    <List
      ordered={true}
      reversed={false}
      start={1}
      type="1"
    >
      <ListItem>
        Informations publiées sur le net à travers le monde
      </ListItem>
      <ListItem>
        Les particuliers en France
      </ListItem>
      <ListItem>
        Les entreprises en France
      </ListItem>
      <ListItem>
        Plaidoyer pour la qualité des données
      </ListItem>
    </List>
  </Slide>
  <Slide
    align="center center"
    bgColor="bgLight"
    presenterStyle={Object {}}
    style={Object {}}
    textColor="primary"
    transition={
      Array [
        "slide",
      ]
    }
    viewerScaleMode={false}
  >
    <Heading
      lineHeight={1}
      size={5}
      textColor="secondary"
    >
      Informations publiées sur le net à travers le monde
    </Heading>
    <List
      ordered={false}
      reversed={false}
      start={1}
      type="1"
    >
      <ListItem>
        <strong>
          3 800 000 000
        </strong>
         d’humains utilisent Internet dans le monde.
      </ListItem>
      <ListItem>
        <strong>
          90%
        </strong>
         des données disponibles dans le monde ont été créées dans les deux dernières années.
      </ListItem>
      <ListItem>
        Un volume d'information de 
        <strong>
          2,5 quintilions d’octets
        </strong>
         est créé chaque jour soit 
        <strong>
          29 000 Gigaoctets
        </strong>
         par seconde.
      </ListItem>
    </List>
    <Cite
      textColor="secondary"
    >
      Source : planetoscope.com
    </Cite>
  </Slide>
  <Slide
    align="center center"
    bgColor="bgLight"
    presenterStyle={Object {}}
    style={Object {}}
    textColor="primary"
    transition={
      Array [
        "slide",
      ]
    }
    viewerScaleMode={false}
  >
    <Heading
      lineHeight={1}
      size={5}
      textColor="secondary"
    >
      Les particuliers en France
    </Heading>
    <List
      ordered={false}
      reversed={false}
      start={1}
      type="1"
    >
      <ListItem>
        <strong>
          46%
        </strong>
         de la population se connecte à internet via le smartphone
      </ListItem>
      <ListItem>
        <strong>
          Une personne sur deux
        </strong>
         utilise internet pour rechercher des informations sur sa santé ou celle de ses proches
      </ListItem>
      <ListItem>
        <strong>
          67%
        </strong>
         des particuliers ont réalisé au moins une commande en ligne
      </ListItem>
      <ListItem>
        En 10 ans le chiffre d'affaires des ventes aux particuliers via internet est passé de 20 milliards à 
        <strong>
          81,7 milliards d'euros
        </strong>
      </ListItem>
    </List>
    <Cite
      textColor="secondary"
    >
      Source : BAROMÈTRE DU NUMÉRIQUE 2018
    </Cite>
  </Slide>
  <Slide
    align="center center"
    bgColor="bgLight"
    presenterStyle={Object {}}
    style={Object {}}
    textColor="primary"
    transition={
      Array [
        "slide",
      ]
    }
    viewerScaleMode={false}
  >
    <Heading
      lineHeight={1}
      size={5}
      textColor="secondary"
    >
      Les entreprises en France
    </Heading>
    <List
      ordered={false}
      reversed={false}
      start={1}
      type="1"
    >
      <ListItem>
        <strong>
          100%
        </strong>
         disposent d'une connexion internet à haut débit
      </ListItem>
      <ListItem>
        <strong>
          51%
        </strong>
         achètent en ligne et 
        <strong>
          17%
        </strong>
         vendent en ligne
      </ListItem>
      <ListItem>
        La vente en ligne génère 
        <strong>
          19%
        </strong>
         du chiffre d'affaires en Europe
      </ListItem>
      <ListItem>
        L’Open Data Index classe la France en 4e position mondiale en 2016, derrière Taïwan (1er) et le Royaume-Uni et l’Australie (2èmes ex aequo).
      </ListItem>
    </List>
    <Cite
      textColor="secondary"
    >
      Source : Chiffres clés du numérique 2018, DGE
    </Cite>
  </Slide>
  <Slide
    align="center center"
    bgColor="bgLight"
    presenterStyle={Object {}}
    style={Object {}}
    textColor="primary"
    transition={
      Array [
        "zoom",
      ]
    }
    viewerScaleMode={false}
  >
    <Heading
      lineHeight={1}
      size={5}
      textColor="secondary"
    >
      Plaidoyer pour la qualité des données
    </Heading>
    <BlockQuote>
      <Quote
        textSize="1em"
      >
        La paix, Montag. Proposez des concours où l'on gagne en se souvenant des paroles de quelque chanson populaire, du nom de la capitale de tel ou tel État ou de la quantité de maïs récoltée dans l'Iowa l'année précédente. Bourrez les gens de données incombustibles, gorgez-les de “faits”, qu'ils se sentent gavés, mais absolument “brillants” côté information. Ils auront alors l'impression de penser, ils auront le sentiment du mouvement tout en faisant du sur-place.
      </Quote>
      <Cite
        textColor="secondary"
        textSize="1em"
      >
        Ray Bradbury - Fahrenheit 451 (1955)
      </Cite>
    </BlockQuote>
  </Slide>
  <Slide
    align="center center"
    bgColor="bgLight"
    presenterStyle={Object {}}
    style={Object {}}
    textColor="primary"
    transition={
      Array [
        "slide",
      ]
    }
    viewerScaleMode={false}
  >
    <Heading
      lineHeight={1}
      size={5}
      textColor="secondary"
    >
      Plaidoyer pour la qualité des données
    </Heading>
    <List
      ordered={false}
      reversed={false}
      start={1}
      type="1"
    >
      <ListItem>
        Une qualité imposée par le réglementaire : lutte contre la fraude, RGPD...
      </ListItem>
      <ListItem>
        Une qualité exigée par l'usager : traçabilité, personnalisation ...
      </ListItem>
    </List>
  </Slide>
  <Slide
    align="center center"
    bgColor="bgLight"
    presenterStyle={Object {}}
    style={Object {}}
    textColor="primary"
    transition={
      Array [
        "slide",
      ]
    }
    viewerScaleMode={false}
  >
    <Heading
      lineHeight={1}
      size={5}
      textColor="secondary"
    >
      Plaidoyer pour la qualité des données
    </Heading>
    <List
      ordered={false}
      reversed={false}
      start={1}
      type="1"
    >
      <ListItem>
        Toutes les organisations portent un intérêt croissant aux données qu'elles produisent
      </ListItem>
      <ListItem>
        Les possibilités sont multiples : efficacité opérationnelle ou commerciale, informatique décisionnelle, créations de nouveaux services, redéfinition de modèles économiques...
      </ListItem>
      <ListItem>
        Mais ces finalités ne peuvent être atteinte que si l'on maîtrise sa production de données
      </ListItem>
      <ListItem>
        Gouverner les données avant qu'elles ne nous gouvernent : sémantique partagée, vision unifiée, métadonnées
      </ListItem>
    </List>
  </Slide>
  <Slide
    align="center center"
    bgColor="bgLight"
    presenterStyle={Object {}}
    style={Object {}}
    textColor="primary"
    transition={
      Array [
        "slide",
      ]
    }
    viewerScaleMode={false}
  >
    <Heading
      lineHeight={1}
      size={5}
      textColor="secondary"
    >
      Plaidoyer pour la qualité des données
    </Heading>
    <List
      ordered={false}
      reversed={false}
      start={1}
      type="1"
    >
      <ListItem>
        Gouverner les données avant qu'elles ne nous gouvernent
      </ListItem>
      <ListItem>
        Sémantique partagée
      </ListItem>
      <ListItem>
        Vision unifiée
      </ListItem>
      <ListItem>
        Métadonnées structurées
      </ListItem>
      <ListItem>
        Au coeur de l'entreprise : sponsor, équipes convaincues, etc.
      </ListItem>
    </List>
  </Slide>
  <Slide
    align="center center"
    bgColor="bgDark"
    presenterStyle={Object {}}
    style={Object {}}
    textColor="pLight"
    transition={
      Array [
        "spin",
      ]
    }
    viewerScaleMode={false}
  >
    <Heading
      caps={true}
      lineHeight={1}
      size={5}
      textColor="secondary"
    >
      En résumé : l'économie de la donnée et du numérique en 2018
    </Heading>
    <List
      ordered={true}
      reversed={false}
      start={1}
      type="1"
    >
      <ListItem>
        Informations publiées sur le net à travers le monde
      </ListItem>
      <ListItem>
        Les particuliers en France
      </ListItem>
      <ListItem>
        Les entreprises en France
      </ListItem>
      <ListItem>
        Plaidoyer pour la qualité des données
      </ListItem>
    </List>
  </Slide>
  <Slide
    align="center center"
    bgColor="bgDark"
    presenterStyle={Object {}}
    style={Object {}}
    textColor="pLight"
    transition={
      Array [
        "spin",
      ]
    }
    viewerScaleMode={false}
  >
    <Heading
      caps={true}
      lineHeight={1}
      size={5}
      textColor="secondary"
    >
      L'informaticien apprend les moyens nécessaires pour triompher et rencontre des alliés
    </Heading>
    <Image
      src="police.gif"
    />
  </Slide>
  <Slide
    align="center center"
    bgColor="bgLight"
    presenterStyle={Object {}}
    style={Object {}}
    textColor="primary"
    transition={
      Array [
        "slide",
      ]
    }
    viewerScaleMode={false}
  >
    <Heading
      lineHeight={1}
      size={5}
      textColor="secondary"
    >
      Par où commencer ?
    </Heading>
    <List
      ordered={false}
      reversed={false}
      start={1}
      type="1"
    >
      <ListItem
        style={
          Object {
            "paddingBottom": "1em",
          }
        }
      >
        Vous êtes face aux menaces et aux opportunités qu'incarnent les données dans votre organisation.
      </ListItem>
      <ListItem
        style={
          Object {
            "paddingBottom": "1em",
          }
        }
      >
        Vous devez maintenant apprendre les outils et les techniques, et rencontrer les alliés qui vous aideront à réussir dans votre tâche...
      </ListItem>
    </List>
  </Slide>
  <Slide
    align="center center"
    bgColor="bgDark"
    presenterStyle={Object {}}
    style={Object {}}
    textColor="pLight"
    transition={
      Array [
        "spin",
      ]
    }
    viewerScaleMode={false}
  >
    <Heading
      caps={true}
      lineHeight={1}
      size={5}
      textColor="secondary"
    >
      La gouvernance des données
    </Heading>
    <List
      ordered={true}
      reversed={false}
      start={1}
      type="1"
    >
      <ListItem>
        Les systèmes d'informations
      </ListItem>
      <ListItem>
        L'archiviste, un partenaire privilégié
      </ListItem>
      <ListItem>
        La conformité RGPD
      </ListItem>
      <ListItem>
        La sécurité des données personnelles
      </ListItem>
    </List>
  </Slide>
  <Slide
    align="center flex-start"
    bgColor="bgLight"
    bgImage="gouvernance.png"
    bgRepeat="no-repeat"
    bgSize="contain"
    presenterStyle={Object {}}
    style={Object {}}
    textColor="primary"
    transition={
      Array [
        "slide",
      ]
    }
    viewerScaleMode={false}
  />
  <Slide
    align="center center"
    bgColor="bgLight"
    presenterStyle={Object {}}
    style={Object {}}
    textColor="primary"
    transition={
      Array [
        "slide",
      ]
    }
    viewerScaleMode={false}
  >
    <Heading
      lineHeight={1}
      size={5}
      textColor="secondary"
    >
      L'archiviste, un partenaire privilégié
    </Heading>
    <List
      ordered={false}
      reversed={false}
      start={1}
      type="1"
    >
      <ListItem>
        L'archiviste est un professionnel de l'information chargé de la gestion des archives.
      </ListItem>
      <ListItem>
        En France, le terme d'« archiviste » s'applique indifféremment à toute personne gérant des documents, quels qu'en soient l'âge ou l'usage.
      </ListItem>
      <ListItem>
        Les anglo-saxons font la différence entre l'archiviste qui gère les archives historiques et le Records manager qui est chargé de la gestion des documents
      </ListItem>
    </List>
  </Slide>
  <Slide
    align="center center"
    bgColor="bgLight"
    presenterStyle={Object {}}
    style={Object {}}
    textColor="primary"
    transition={
      Array [
        "slide",
      ]
    }
    viewerScaleMode={false}
  >
    <Heading
      lineHeight={1}
      size={5}
      textColor="secondary"
    >
      La conformité RGPD - Quels objectifs
    </Heading>
    <List
      ordered={false}
      reversed={false}
      start={1}
      type="1"
    >
      <ListItem>
        Recenser 
        <strong>
          l’exhaustivité des traitements de données personnelles réalisés
        </strong>
         par l’entité (responsable de traitement et sous-traitants) et identifier les potentiels facteurs de risque
      </ListItem>
      <ListItem>
        Démontrer aux autorités de contrôle 
        <strong>
          la conformité au RGPD
        </strong>
         des traitements
      </ListItem>
    </List>
  </Slide>
  <Slide
    align="center center"
    bgColor="bgLight"
    presenterStyle={Object {}}
    style={Object {}}
    textColor="primary"
    transition={
      Array [
        "slide",
      ]
    }
    viewerScaleMode={false}
  >
    <Heading
      lineHeight={1}
      size={5}
      textColor="secondary"
    >
      La conformité RGPD - Qui sont les responsables
    </Heading>
    <List
      ordered={false}
      reversed={false}
      start={1}
      type="1"
    >
      <ListItem>
        <strong>
          Le responsable de traitement
        </strong>
         (celui qui définit notamment le périmètre de données personnelles et la finalité du traitement) est en charge de la tenue et de la mise à jour du registre des traitements qui sont réalisés sous sa responsabilité.
      </ListItem>
      <ListItem>
        <strong>
          Chaque sous-traitant
        </strong>
         tient un registre de toutes les catégories d'activités de traitement effectuées pour le compte du responsable du traitement
      </ListItem>
    </List>
  </Slide>
  <Slide
    align="center center"
    bgColor="bgLight"
    presenterStyle={Object {}}
    style={Object {}}
    textColor="primary"
    transition={
      Array [
        "slide",
      ]
    }
    viewerScaleMode={false}
  >
    <Heading
      lineHeight={1}
      size={6}
      textColor="secondary"
    >
      La conformité RGPD - Qu'est ce qu'une donnée personnelle ?
    </Heading>
    <Image
      src="definitions0.png"
    />
  </Slide>
  <Slide
    align="center center"
    bgColor="bgLight"
    presenterStyle={Object {}}
    style={Object {}}
    textColor="primary"
    transition={
      Array [
        "slide",
      ]
    }
    viewerScaleMode={false}
  >
    <Heading
      lineHeight={1}
      size={6}
      textColor="secondary"
    >
      La conformité RGPD - Qu'est ce qu'une donnée personnelle ?
    </Heading>
    <Image
      src="definitions1.png"
    />
  </Slide>
  <Slide
    align="center center"
    bgColor="bgLight"
    presenterStyle={Object {}}
    style={Object {}}
    textColor="primary"
    transition={
      Array [
        "slide",
      ]
    }
    viewerScaleMode={false}
  >
    <Heading
      lineHeight={1}
      size={6}
      textColor="secondary"
    >
      La conformité RGPD - Qu'est ce qu'une donnée personnelle ?
    </Heading>
    <Image
      src="definitions2.png"
    />
  </Slide>
  <Slide
    align="center center"
    bgColor="bgLight"
    presenterStyle={Object {}}
    style={Object {}}
    textColor="primary"
    transition={
      Array [
        "slide",
      ]
    }
    viewerScaleMode={false}
  >
    <Heading
      lineHeight={1}
      size={6}
      textColor="secondary"
    >
      La conformité RGPD - Qui sont les acteurs?
    </Heading>
    <Image
      src="acteurs0.png"
    />
  </Slide>
  <Slide
    align="center center"
    bgColor="bgLight"
    presenterStyle={Object {}}
    style={Object {}}
    textColor="primary"
    transition={
      Array [
        "slide",
      ]
    }
    viewerScaleMode={false}
  >
    <Heading
      lineHeight={1}
      size={6}
      textColor="secondary"
    >
      La conformité RGPD - Qui sont les acteurs?
    </Heading>
    <Image
      src="acteurs1.png"
    />
  </Slide>
  <Slide
    align="center center"
    bgColor="bgLight"
    presenterStyle={Object {}}
    style={Object {}}
    textColor="primary"
    transition={
      Array [
        "slide",
      ]
    }
    viewerScaleMode={false}
  >
    <Heading
      lineHeight={1}
      size={6}
      textColor="secondary"
    >
      La conformité RGPD - Qui sont les acteurs?
    </Heading>
    <Image
      src="acteurs2.png"
    />
  </Slide>
  <Slide
    align="center center"
    bgColor="bgLight"
    presenterStyle={Object {}}
    style={Object {}}
    textColor="primary"
    transition={
      Array [
        "slide",
      ]
    }
    viewerScaleMode={false}
  >
    <Heading
      lineHeight={1}
      size={6}
      textColor="secondary"
    >
      La conformité RGPD - Qui sont les acteurs?
    </Heading>
    <Image
      src="acteurs3.png"
    />
  </Slide>
  <Slide
    align="center center"
    bgColor="bgLight"
    presenterStyle={Object {}}
    style={Object {}}
    textColor="primary"
    transition={
      Array [
        "slide",
      ]
    }
    viewerScaleMode={false}
  >
    <Heading
      lineHeight={1}
      size={6}
      textColor="secondary"
    >
      La conformité RGPD - Qui sont les acteurs?
    </Heading>
    <Image
      src="acteurs4.png"
    />
  </Slide>
  <Slide
    align="center center"
    bgColor="bgLight"
    presenterStyle={Object {}}
    style={Object {}}
    textColor="primary"
    transition={
      Array [
        "slide",
      ]
    }
    viewerScaleMode={false}
  >
    <Heading
      lineHeight={1}
      size={6}
      textColor="secondary"
    >
      La conformité RGPD - Les 4 fondamentaux du registre des traitements
    </Heading>
    <Image
      src="piliers.png"
    />
  </Slide>
  <Slide
    align="center center"
    bgColor="bgLight"
    presenterStyle={Object {}}
    style={Object {}}
    textColor="primary"
    transition={
      Array [
        "slide",
      ]
    }
    viewerScaleMode={false}
  >
    <Heading
      lineHeight={1}
      size={5}
      textColor="secondary"
    >
      La conformité RGPD - les finalités du traitement
    </Heading>
    <List
      ordered={false}
      reversed={false}
      start={1}
      type="1"
    >
      <ListItem>
        La finalité du traitements est l’objectif poursuivi par le traitement.
      </ListItem>
      <Text
        lineHeight={1}
      >
        Les finalités doivent être :
      </Text>
      <ListItem>
        Homogènes afin d’alimenter le registre des traitements
      </ListItem>
      <ListItem>
        Représentatives des enjeux en matière de données personnelles pour l’organisation
      </ListItem>
    </List>
  </Slide>
  <Slide
    align="center center"
    bgColor="bgLight"
    presenterStyle={Object {}}
    style={Object {}}
    textColor="primary"
    transition={
      Array [
        "slide",
      ]
    }
    viewerScaleMode={false}
  >
    <Heading
      lineHeight={1}
      size={6}
      textColor="secondary"
    >
      La conformité RGPD - licéité d'un traitement
    </Heading>
    <Image
      src="liceite.png"
    />
  </Slide>
  <Slide
    align="center center"
    bgColor="bgLight"
    presenterStyle={Object {}}
    style={Object {}}
    textColor="primary"
    transition={
      Array [
        "slide",
      ]
    }
    viewerScaleMode={false}
  >
    <Heading
      lineHeight={1}
      size={6}
      textColor="secondary"
    >
      La conformité RGPD - les sous-traitants
    </Heading>
    <Image
      src="soustraitants.png"
    />
  </Slide>
  <Slide
    align="center center"
    bgColor="bgLight"
    presenterStyle={Object {}}
    style={Object {}}
    textColor="primary"
    transition={
      Array [
        "slide",
      ]
    }
    viewerScaleMode={false}
  >
    <Heading
      lineHeight={1}
      size={6}
      textColor="secondary"
    >
      La conformité RGPD - la conservation
    </Heading>
    <Image
      src="conservation.png"
    />
  </Slide>
  <Slide
    align="center center"
    bgColor="bgLight"
    presenterStyle={Object {}}
    style={Object {}}
    textColor="primary"
    transition={
      Array [
        "slide",
      ]
    }
    viewerScaleMode={false}
  >
    <Heading
      lineHeight={1}
      size={6}
      textColor="secondary"
    >
      La conformité RGPD - identifier les traitements à risque
    </Heading>
    <Image
      src="risque.png"
    />
  </Slide>
  <Slide
    align="center center"
    bgColor="bgLight"
    presenterStyle={Object {}}
    style={Object {}}
    textColor="primary"
    transition={
      Array [
        "slide",
      ]
    }
    viewerScaleMode={false}
  >
    <Heading
      lineHeight={1}
      size={6}
      textColor="secondary"
    >
      La conformité RGPD - l'analyse d'impact relative à la protection des données
    </Heading>
    <Image
      src="aipd.png"
    />
  </Slide>
  <Slide
    align="center center"
    bgColor="bgLight"
    presenterStyle={Object {}}
    style={Object {}}
    textColor="primary"
    transition={
      Array [
        "slide",
      ]
    }
    viewerScaleMode={false}
  >
    <Heading
      lineHeight={1}
      size={6}
      textColor="secondary"
    >
      La conformité RGPD - les données sensibles et les données risquées
    </Heading>
    <Image
      src="sensibles_risquees.png"
    />
  </Slide>
  <Slide
    align="center center"
    bgColor="bgLight"
    presenterStyle={Object {}}
    style={Object {}}
    textColor="primary"
    transition={
      Array [
        "slide",
      ]
    }
    viewerScaleMode={false}
  >
    <Heading
      lineHeight={1}
      size={6}
      textColor="secondary"
    >
      La conformité RGPD - la notification de violation de données
    </Heading>
    <Image
      src="notification.png"
    />
  </Slide>
  <Slide
    align="center center"
    bgColor="bgLight"
    presenterStyle={Object {}}
    style={Object {}}
    textColor="primary"
    transition={
      Array [
        "slide",
      ]
    }
    viewerScaleMode={false}
  >
    <Heading
      lineHeight={1}
      size={6}
      textColor="secondary"
    >
      La conformité RGPD - le renforcement des droits des personnes
    </Heading>
    <Image
      src="droit.png"
    />
  </Slide>
  <Slide
    align="center center"
    bgColor="bgLight"
    presenterStyle={Object {}}
    style={Object {}}
    textColor="primary"
    transition={
      Array [
        "slide",
      ]
    }
    viewerScaleMode={false}
  >
    <Heading
      lineHeight={1}
      size={6}
      textColor="secondary"
    >
      La conformité RGPD - le délégué à la protection des données
    </Heading>
    <Image />
  </Slide>
  <Slide
    align="center center"
    bgColor="bgDark"
    presenterStyle={Object {}}
    style={Object {}}
    textColor="pLight"
    transition={
      Array [
        "spin",
      ]
    }
    viewerScaleMode={false}
  >
    <Heading
      caps={true}
      lineHeight={1}
      size={5}
      textColor="secondary"
    >
      Notre héros sortira t'il victorieux de sa quête ?
    </Heading>
    <Image
      src="iceage.gif"
    />
  </Slide>
  <Slide
    align="center center"
    bgColor="bgLight"
    presenterStyle={Object {}}
    style={Object {}}
    textColor="primary"
    transition={
      Array [
        "slide",
      ]
    }
    viewerScaleMode={false}
  >
    <Heading
      caps={true}
      lineHeight={1}
      size={6}
      textColor="secondary"
    >
      En résumé : le RGPD et la gouvernance des données
    </Heading>
    <List
      ordered={true}
      reversed={false}
      start={1}
      type="1"
    >
      <ListItem
        style={
          Object {
            "paddingBottom": "1em",
          }
        }
      >
        Les informaticiens sont confrontés aux enjeux de la gouvernance des données
      </ListItem>
      <ListItem
        style={
          Object {
            "paddingBottom": "1em",
          }
        }
      >
        Ces contraintes sont aussi des opportunités
      </ListItem>
      <ListItem
        style={
          Object {
            "paddingBottom": "1em",
          }
        }
      >
        La gestion des systèmes d'informations est la clé pour réussir !
      </ListItem>
    </List>
  </Slide>
  <Slide
    align="center center"
    bgColor="bgLight"
    presenterStyle={Object {}}
    style={Object {}}
    textColor="primary"
    transition={
      Array [
        "spin",
      ]
    }
    viewerScaleMode={false}
  >
    <Heading
      caps={true}
      lineHeight={1}
      size={5}
      textColor="secondary"
    >
      La semaine prochaine...
    </Heading>
    <List
      bulletStyle="star"
      ordered={false}
      reversed={false}
      start={1}
      type="1"
    >
      <ListItem>
        Serious Game pour les 3eme années du DIIAGE
      </ListItem>
      <hr />
      <ListItem>
        Des audits de services
      </ListItem>
      <ListItem>
        Un registre des traitements à réaliser
      </ListItem>
      <ListItem>
        Un plan d'action à construire...
      </ListItem>
      <hr />
      <ListItem>
        <strong>
          Quelle sera la meilleure équipe ?
        </strong>
      </ListItem>
    </List>
  </Slide>
  <Slide
    align="center center"
    bgColor="bgLight"
    presenterStyle={Object {}}
    style={Object {}}
    textColor="primary"
    transition={
      Array [
        "slide",
      ]
    }
    viewerScaleMode={false}
  >
    <Heading
      lineHeight={1}
      size={5}
      textColor="secondary"
    >
      La conformité RGPD - 3 étapes pour commencer
    </Heading>
    <List
      ordered={false}
      reversed={false}
      start={1}
      type="1"
    >
      <ListItem>
        Désigner le délégué à la protection des données
      </ListItem>
      <ListItem>
        Etablir le registre des traitements et identifier les points d'amélioration
      </ListItem>
      <ListItem>
        Construire son plan d'action pour la mise en conformité
      </ListItem>
    </List>
  </Slide>
  <Slide
    align="center center"
    bgColor="bgLight"
    presenterStyle={Object {}}
    style={Object {}}
    textColor="primary"
    transition={
      Array [
        "zoom",
      ]
    }
    viewerScaleMode={false}
  >
    <BlockQuote>
      <Quote
        textSize="2em"
      >
        Les gagnants seront ceux qui restructurent la manière dont l'information circule dans leur entreprise.
      </Quote>
      <Cite
        textColor="secondary"
        textSize="1.5em"
      >
        William Henry, dit Bill Gates
      </Cite>
    </BlockQuote>
  </Slide>
</Deck>
`;
