// Jest Snapshot v1, https://goo.gl/fbAQLP

exports[`The About component should render correctly 1`] = `
<div
  className="layout-1"
>
  <div
    className="root-4"
  >
    <header
      className="root-17 elevation4-23 root-8 positionStatic-12 colorPrimary-15"
    >
      <div
        className="root-44 regular-46 gutters-45"
      >
        <h6
          className="root-48 h6-65 colorInherit-77 grow-5"
        >
          <a
            aria-current="page"
            className="menuLink-6"
            href="/"
            onClick={[Function]}
          >
            RGPDay
          </a>
        </h6>
        <a
          className="menuLink-6"
          href="/about"
          onClick={[Function]}
        >
          À propos
        </a>
        <a
          className="menuLink-6"
          href="/contact"
          onClick={[Function]}
        >
          Contact
        </a>
        <a
          className="menuLink-6"
          href="/session"
          onClick={[Function]}
        >
          Session
        </a>
        <div
          className="menuLink-6 hide-7"
          onClick={[Function]}
        >
          Déconnexion
        </div>
      </div>
    </header>
  </div>
  <main>
    <div
      className="container-84 40-110"
    >
      <div
        className="item-85 12-124"
      >
        <h4
          className="root-48 h4-63 gutterBottom-75"
        >
          <svg
            aria-hidden="true"
            className="root-181 titleIcon-2"
            focusable="false"
            role="presentation"
            viewBox="0 0 24 24"
          >
            <path
              d="M0 0h24v24H0V0z"
              fill="none"
            />
            <path
              d="M11 7h2v2h-2zM11 11h2v6h-2z"
            />
            <path
              d="M12 2C6.48 2 2 6.48 2 12s4.48 10 10 10 10-4.48 10-10S17.52 2 12 2zm0 18c-4.41 0-8-3.59-8-8s3.59-8 8-8 8 3.59 8 8-3.59 8-8 8z"
            />
          </svg>
           À propos
        </h4>
        <hr
          className="root-190"
        />
      </div>
      <div
        className="item-85 12-124"
      >
        <div
          className="root-195 avatar-3"
        >
          <img
            alt="Remy Sharp"
            className="img-197"
            src="avatar.jpg"
          />
        </div>
        <p
          className="root-48 body1-57 gutterBottom-75"
        >
          En qualité de Responsable du pôle Systèmes d'information, gestion des données et des méthodes au Centre de gestion de la fonction publique territoriale de Saône-et-Loire, 
          <strong>
            je développe avec mon équipe
          </strong>
          , des solutions pour accompagner les collectivités territoriales du département dans la gestion quotidienne de leurs données. Bien sûr, un des premiers services que nous rendons est 
          <strong>
            la mutualisation du Délégué à la Protection des Données
          </strong>
           : nous accompagnons nos adhérents dans leur mise en conformité avec le RGPD.
        </p>
        <p
          className="root-48 body1-57 gutterBottom-75"
        >
          Cette journée a été conçue pour répondre à un problème 
          <strong>
            simple et concret
          </strong>
          . Une fois renseigné et formé aux concepts de la protection des données à caractère personnel, 
          <strong>
            par où doit-on commencer la mise en conformité
          </strong>
           ? Comment cette démarche est-elle liée aux autres outils de gestion de l'information dans l'entreprise ?
        </p>
        <p
          className="root-48 body1-57 gutterBottom-75"
        >
          Le 
          <strong>
            RGPDay
          </strong>
           s'adresse à 
          <strong>
            tous les organismes de formation
          </strong>
          , initiale ou continue, dans le domaine de la gestion de l'information, qui souhaitent proposer 
          <strong>
            une expérience du RGPD pratique et ludique
          </strong>
           à leurs étudiants, dans le prolongement de leur formation théorique.
        </p>
        <div
          className="container-84 40-110 column-87 center-92"
        >
          <div
            className="item-85 12-124 6-146"
          >
            <div
              className="root-17 elevation1-20 rounded-18 cta-198"
            >
              <h6
                className="root-48 h6-65"
              >
                Si ce format vous intéresse, 
                <a
                  className="root-48 colorSecondary-79 inline-83 root-200 underlineHover-202"
                  href="/contact"
                  onClick={[Function]}
                >
                  contactez-moi
                </a>
              </h6>
              <p
                className="root-48 body1-57"
              >
                pour organiser le RGPDay dans votre établissement !
              </p>
            </div>
          </div>
        </div>
        <p
          className="root-48 body1-57 gutterBottom-75"
        >
          --
          <br />
          Jean-Philippe Bourgeon
          <br />
          LinkedIn : 
          <a
            className="root-48 colorPrimary-78 inline-83 root-200 underlineHover-202"
            href="https://www.linkedin.com/in/jpbourgeon"
          >
            https://www.linkedin.com/in/jpbourgeon
          </a>
        </p>
      </div>
    </div>
  </main>
</div>
`;
