// Jest Snapshot v1, https://goo.gl/fbAQLP

exports[`The About component should render correctly 1`] = `
<div
  className="layout-1"
>
  <main>
    <div
      className="container-4 40-30"
    >
      <div
        className="item-5 12-44"
      >
        <h4
          className="root-101 h4-116 gutterBottom-128"
        >
          <svg
            aria-hidden="true"
            className="root-137 titleIcon-2"
            focusable="false"
            role="presentation"
            viewBox="0 0 24 24"
          >
            <path
              d="M0 0h24v24H0V0z"
              fill="none"
            />
            <path
              d="M11 7h2v2h-2zM11 11h2v6h-2z"
            />
            <path
              d="M12 2C6.48 2 2 6.48 2 12s4.48 10 10 10 10-4.48 10-10S17.52 2 12 2zm0 18c-4.41 0-8-3.59-8-8s3.59-8 8-8 8 3.59 8 8-3.59 8-8 8z"
            />
          </svg>
           À propos
        </h4>
        <hr
          className="root-146"
        />
      </div>
      <div
        className="item-5 12-44"
      >
        <div
          className="root-151 avatar-3"
        >
          <img
            alt="Remy Sharp"
            className="img-153"
            src="avatar.jpg"
          />
        </div>
        <p
          className="root-101 body1-110 gutterBottom-128"
        >
          En qualité de Responsable du pôle Systèmes d'information, gestion des données et des méthodes au Centre de gestion de la fonction publique territoriale de Saône-et-Loire, 
          <strong>
            je développe avec mon équipe
          </strong>
          , des solutions pour accompagner les collectivités territoriales du département dans la gestion quotidienne de leurs données. Bien sûr, un des premiers services que nous rendons est 
          <strong>
            la mutualisation du Délégué à la Protection des Données
          </strong>
           : nous accompagnons nos adhérents dans leur mise en conformité avec le RGPD.
        </p>
        <p
          className="root-101 body1-110 gutterBottom-128"
        >
          Cette journée a été conçue pour répondre à un problème 
          <strong>
            simple et concret
          </strong>
          . Une fois renseigné et formé aux concepts de la protection des données à caractère personnel, 
          <strong>
            par où doit-on commencer la mise en conformité
          </strong>
           ? Comment cette démarche est-elle liée aux autres outils de gestion de l'information dans l'entreprise ?
        </p>
        <p
          className="root-101 body1-110 gutterBottom-128"
        >
          Le 
          <strong>
            RGPDay
          </strong>
           s'adresse à 
          <strong>
            tous les organismes de formation
          </strong>
          , initiale ou continue, dans le domaine de la gestion de l'information, qui souhaitent proposer 
          <strong>
            une expérience du RGPD pratique et ludique
          </strong>
           à leurs étudiants, dans le prolongement de leur formation théorique.
        </p>
        <p
          className="root-101 body1-110 gutterBottom-128"
        >
          --
          <br />
          Jean-Philippe Bourgeon
          <br />
          LinkedIn : 
          <a
            className="root-101 colorPrimary-131 inline-136 root-154 underlineHover-156"
            href="https://www.linkedin.com/in/jpbourgeon"
          >
            https://www.linkedin.com/in/jpbourgeon
          </a>
        </p>
        <div
          className="container-4 40-30 column-7 center-12"
        >
          <div
            className="item-5 12-44 6-66"
          >
            <div
              className="root-161 elevation1-164 rounded-162 cta-159"
            >
              <h6
                className="root-101 h6-118"
              >
                <a
                  className="root-101 colorSecondary-132 inline-136 root-154 underlineHover-156"
                  href="/contact"
                  onClick={[Function]}
                >
                  Contactez-moi
                </a>
                <br />
                pour organiser le RGPDay dans votre établissement !
              </h6>
            </div>
          </div>
        </div>
      </div>
    </div>
  </main>
</div>
`;
