// Jest Snapshot v1, https://goo.gl/fbAQLP

exports[`The Service protected page should render correctly 1`] = `
<Service
  classes={
    Object {
      "avatarIcon": "Service-avatarIcon-3",
      "check": "Service-check-10",
      "divider": "Service-divider-4",
      "hide": "Service-hide-8",
      "incorrect": "Service-incorrect-9",
      "joker": "Service-joker-7",
      "layout": "Service-layout-1",
      "mobileStepper": "Service-mobileStepper-6",
      "paper": "Service-paper-2",
      "question": "Service-question-5",
    }
  }
  config={
    Object {
      "scenarioId": "2019-INGE-01",
    }
  }
/>
`;
