// Jest Snapshot v1, https://goo.gl/fbAQLP

exports[`The Login component should render correctly 1`] = `
<div
  className="layout-1"
>
  <div
    className="root-7"
  >
    <header
      className="root-19 elevation4-25 root-10 positionStatic-14 colorPrimary-17"
    >
      <div
        className="root-46 regular-48 gutters-47"
      >
        <h6
          className="root-50 h6-67 colorInherit-79 grow-8"
        >
          <a
            aria-current="page"
            className="menuLink-9"
            href="/"
            onClick={[Function]}
          >
            RGPDay
          </a>
        </h6>
        <a
          className="menuLink-9"
          href="/about"
          onClick={[Function]}
        >
          À propos
        </a>
        <a
          className="menuLink-9"
          href="/contact"
          onClick={[Function]}
        >
          Contact
        </a>
        <a
          className="menuLink-9"
          href="/login"
          onClick={[Function]}
        >
          Login
        </a>
      </div>
    </header>
  </div>
  <main>
    <div
      className="root-19 elevation2-23 rounded-20 mainFeaturedPost-3"
    >
      <div
        className="container-86 column-89 center-98"
      >
        <div
          className="item-87 12-126 6-148"
        >
          <div
            className="mainFeaturedPostContent-4"
          >
            <h4
              className="root-50 h4-65 colorInherit-79 gutterBottom-77"
            >
              <svg
                aria-hidden="true"
                className="root-183"
                focusable="false"
                role="presentation"
                style={
                  Object {
                    "fontSize": "2.5rem",
                    "marginBottom": "-0.5rem",
                  }
                }
                viewBox="0 0 24 24"
              >
                <path
                  d="M0 0h24v24H0V0z"
                  fill="none"
                />
                <g>
                  <path
                    d="M12 2C6.48 2 2 6.48 2 12s4.48 10 10 10 10-4.48 10-10S17.52 2 12 2zM7.07 18.28c.43-.9 3.05-1.78 4.93-1.78s4.51.88 4.93 1.78C15.57 19.36 13.86 20 12 20s-3.57-.64-4.93-1.72zm11.29-1.45c-1.43-1.74-4.9-2.33-6.36-2.33s-4.93.59-6.36 2.33C4.62 15.49 4 13.82 4 12c0-4.41 3.59-8 8-8s8 3.59 8 8c0 1.82-.62 3.49-1.64 4.83z"
                  />
                  <path
                    d="M12 6c-1.94 0-3.5 1.56-3.5 3.5S10.06 13 12 13s3.5-1.56 3.5-3.5S13.94 6 12 6zm0 5c-.83 0-1.5-.67-1.5-1.5S11.17 8 12 8s1.5.67 1.5 1.5S12.83 11 12 11z"
                  />
                </g>
              </svg>
               Connexion
            </h4>
            <form
              autoComplete="off"
              className="formContainer-2"
              noValidate={true}
              onSubmit={[Function]}
            >
              <div
                className="root-192 marginNormal-193 fullWidth-195"
              >
                <label
                  className="root-207 root-196 formControl-201 animated-204 outlined-206"
                  data-shrink={false}
                >
                  Identifiant de session
                </label>
                <div
                  className="root-227 root-214 fullWidth-236 formControl-228"
                  onClick={[Function]}
                >
                  <fieldset
                    aria-hidden={true}
                    className="root-244 notchedOutline-221"
                    style={
                      Object {
                        "paddingLeft": 8,
                      }
                    }
                  >
                    <legend
                      className="legend-245"
                      style={
                        Object {
                          "width": 0.01,
                        }
                      }
                    >
                      <span
                        dangerouslySetInnerHTML={
                          Object {
                            "__html": "&#8203;",
                          }
                        }
                      />
                    </legend>
                  </fieldset>
                  <input
                    aria-invalid={false}
                    className="input-237 input-222"
                    disabled={false}
                    onBlur={[Function]}
                    onChange={[Function]}
                    onFocus={[Function]}
                    required={false}
                    type="text"
                    value=""
                  />
                </div>
              </div>
              <button
                className="root-272 root-246 outlined-254 outlinedSecondary-256 button-5"
                disabled={false}
                onBlur={[Function]}
                onContextMenu={[Function]}
                onFocus={[Function]}
                onKeyDown={[Function]}
                onKeyUp={[Function]}
                onMouseDown={[Function]}
                onMouseLeave={[Function]}
                onMouseUp={[Function]}
                onTouchEnd={[Function]}
                onTouchMove={[Function]}
                onTouchStart={[Function]}
                tabIndex="0"
                type="submit"
              >
                <span
                  className="label-247"
                >
                  Login
                </span>
                <span
                  className="root-282"
                />
              </button>
              <button
                className="root-272 root-246 outlined-254 button-5"
                disabled={false}
                onBlur={[Function]}
                onClick={[Function]}
                onContextMenu={[Function]}
                onFocus={[Function]}
                onKeyDown={[Function]}
                onKeyUp={[Function]}
                onMouseDown={[Function]}
                onMouseLeave={[Function]}
                onMouseUp={[Function]}
                onTouchEnd={[Function]}
                onTouchMove={[Function]}
                onTouchStart={[Function]}
                tabIndex="0"
                type="button"
              >
                <span
                  className="label-247"
                >
                  Annuler
                </span>
                <span
                  className="root-282"
                />
              </button>
            </form>
          </div>
        </div>
      </div>
    </div>
  </main>
</div>
`;
