// Jest Snapshot v1, https://goo.gl/fbAQLP

exports[`The Default component should render correctly 1`] = `
<div
  className="layout-1"
>
  <div
    className="root-4"
  >
    <header
      className="root-17 elevation4-23 root-8 positionStatic-12 colorPrimary-15"
    >
      <div
        className="root-44 regular-46 gutters-45"
      >
        <h6
          className="root-48 h6-65 colorInherit-77 grow-5"
        >
          <a
            aria-current="page"
            className="menuLink-6"
            href="/"
            onClick={[Function]}
          >
            RGPDay
          </a>
        </h6>
        <a
          className="menuLink-6"
          href="/about"
          onClick={[Function]}
        >
          À propos
        </a>
        <a
          className="menuLink-6"
          href="/session"
          onClick={[Function]}
        >
          Session
        </a>
        <div
          className="menuLink-6 hide-7"
          onClick={[Function]}
        >
          Déconnexion
        </div>
      </div>
    </header>
  </div>
  <main>
    <div
      className="root-17 elevation2-21 rounded-18 mainFeaturedPost-2"
    >
      <div
        className="container-84"
      >
        <div
          className="item-85 6-146"
        >
          <div
            className="mainFeaturedPostContent-3"
          >
            <h4
              className="root-48 h4-63 colorInherit-77 gutterBottom-75"
            >
              Ce contenu est indisponible.
            </h4>
            <h6
              className="root-48 subtitle1-66 colorInherit-77 gutterBottom-75"
            >
              Avez vous consulté la 
              <a
                aria-current="page"
                className="root-48 colorSecondary-79 inline-83 root-181 underlineHover-183"
                href="/"
                onClick={[Function]}
              >
                page d'accueil
              </a>
               du site ?
            </h6>
          </div>
        </div>
      </div>
    </div>
  </main>
</div>
`;
