// Jest Snapshot v1, https://goo.gl/fbAQLP

exports[`The Loading component should render correctly 1`] = `
<div
  className="layout-1"
>
  <div
    className="container-4 center-12 center-16 container-2"
  >
    <div
      className="item-5 12-44 item-3"
    >
      <div
        className="root-101 colorSecondary-105 indeterminate-103"
        role="progressbar"
        style={
          Object {
            "height": 40,
            "width": 40,
          }
        }
      >
        <svg
          className="svg-106"
          viewBox="22 22 44 44"
        >
          <circle
            className="circle-107 circleIndeterminate-109"
            cx={44}
            cy={44}
            fill="none"
            r={20.2}
            strokeWidth={3.6}
            style={Object {}}
          />
        </svg>
      </div>
    </div>
  </div>
</div>
`;
